Archive member included       because of file (symbol)

/usr/local/openravenscar/lib/gcc-lib/sparc-ork-elf/2.8.1/adalib/libgnarl.a(a-reatim.o)
                              ./devices.o (ada__real_time__clock)
/usr/local/openravenscar/lib/gcc-lib/sparc-ork-elf/2.8.1/adalib/libgnarl.a(a-retide.o)
                              ./add.o (ada__real_time__delays__delay_until)
/usr/local/openravenscar/lib/gcc-lib/sparc-ork-elf/2.8.1/adalib/libgnarl.a(s-taprob.o)
                              ./devices.o (system__tasking__protected_objects__initialize_protection)
/usr/local/openravenscar/lib/gcc-lib/sparc-ork-elf/2.8.1/adalib/libgnarl.a(s-taprop.o)
                              /usr/local/openravenscar/lib/gcc-lib/sparc-ork-elf/2.8.1/adalib/libgnarl.a(a-retide.o) (system__task_primitives__operations__self)
/usr/local/openravenscar/lib/gcc-lib/sparc-ork-elf/2.8.1/adalib/libgnarl.a(s-tarest.o)
                              ./add.o (system__tasking__restricted__stages__create_restricted_task)
/usr/local/openravenscar/lib/gcc-lib/sparc-ork-elf/2.8.1/adalib/libgnarl.a(s-tasdeb.o)
                              b~main.o (system__tasking__debug___elabs)
/usr/local/openravenscar/lib/gcc-lib/sparc-ork-elf/2.8.1/adalib/libgnarl.a(s-taskin.o)
                              /usr/local/openravenscar/lib/gcc-lib/sparc-ork-elf/2.8.1/adalib/libgnarl.a(s-tasdeb.o) (system__tasking__task_statesT)
/usr/local/openravenscar/lib/gcc-lib/sparc-ork-elf/2.8.1/adalib/libgnarl.a(s-taspri.o)
                              /usr/local/openravenscar/lib/gcc-lib/sparc-ork-elf/2.8.1/adalib/libgnarl.a(s-taskin.o) (system__task_primitives___init_proc)
/usr/local/openravenscar/lib/gcc-lib/sparc-ork-elf/2.8.1/adalib/libgnarl.a(kernel-interrupts.o)
                              b~main.o (kernel__interrupts___elabb)
/usr/local/openravenscar/lib/gcc-lib/sparc-ork-elf/2.8.1/adalib/libgnarl.a(kernel-threads.o)
                              b~main.o (kernel__threads___elabs)
/usr/local/openravenscar/lib/gcc-lib/sparc-ork-elf/2.8.1/adalib/libgnarl.a(kernel-threads-atcb.o)
                              /usr/local/openravenscar/lib/gcc-lib/sparc-ork-elf/2.8.1/adalib/libgnarl.a(s-taprop.o) (kernel__threads__atcb__set_atcb)
/usr/local/openravenscar/lib/gcc-lib/sparc-ork-elf/2.8.1/adalib/libgnarl.a(kernel-threads-queues.o)
                              /usr/local/openravenscar/lib/gcc-lib/sparc-ork-elf/2.8.1/adalib/libgnarl.a(s-taprop.o) (running_thread)
/usr/local/openravenscar/lib/gcc-lib/sparc-ork-elf/2.8.1/adalib/libgnarl.a(kernel-threads-protection.o)
                              /usr/local/openravenscar/lib/gcc-lib/sparc-ork-elf/2.8.1/adalib/libgnarl.a(kernel-threads.o) (kernel__threads__protection__dispatch)
/usr/local/openravenscar/lib/gcc-lib/sparc-ork-elf/2.8.1/adalib/libgnarl.a(kernel-time.o)
                              /usr/local/openravenscar/lib/gcc-lib/sparc-ork-elf/2.8.1/adalib/libgnarl.a(s-taprop.o) (kernel_clock)
/usr/local/openravenscar/lib/gcc-lib/sparc-ork-elf/2.8.1/adalib/libgnarl.a(kernel-memory.o)
                              /usr/local/openravenscar/sparc-ork-elf/lib/ada_crt0.o (environment_stack)
/usr/local/openravenscar/lib/gcc-lib/sparc-ork-elf/2.8.1/adalib/libgnarl.a(kernel-cpu_primitives.o)
                              /usr/local/openravenscar/lib/gcc-lib/sparc-ork-elf/2.8.1/adalib/libgnarl.a(kernel-threads-protection.o) (kernel__cpu_primitives__context_switch)
/usr/local/openravenscar/lib/gcc-lib/sparc-ork-elf/2.8.1/adalib/libgnarl.a(kernel-peripherals-registers.o)
                              b~main.o (kernel__peripherals__registers___elabs)
/usr/local/openravenscar/lib/gcc-lib/sparc-ork-elf/2.8.1/adalib/libgnarl.a(kernel-peripherals.o)
                              /usr/local/openravenscar/lib/gcc-lib/sparc-ork-elf/2.8.1/adalib/libgnarl.a(kernel-interrupts.o) (kernel__peripherals__to_vector)
/usr/local/openravenscar/lib/gcc-lib/sparc-ork-elf/2.8.1/adalib/libgnarl.a(kernel-serial_output.o)
                              ./devices.o (kernel__serial_output__put__2)
/usr/local/openravenscar/lib/gcc-lib/sparc-ork-elf/2.8.1/adalib/libgnarl.a(context.o)
                              /usr/local/openravenscar/sparc-ork-elf/lib/ada_crt0.o (context_trap)
/usr/local/openravenscar/lib/gcc-lib/sparc-ork-elf/2.8.1/adalib/libgnarl.a(install_handler.o)
                              /usr/local/openravenscar/sparc-ork-elf/lib/ada_crt0.o (FP_Save_Pending)
/usr/local/openravenscar/lib/gcc-lib/sparc-ork-elf/2.8.1/adalib/libgnarl.a(int_level.o)
                              /usr/local/openravenscar/lib/gcc-lib/sparc-ork-elf/2.8.1/adalib/libgnarl.a(kernel-threads-protection.o) (disable_interrupts)
/usr/local/openravenscar/lib/gcc-lib/sparc-ork-elf/2.8.1/adalib/libgnat.a(a-except.o)
                              b~main.o (ada__exceptions___elabs)
/usr/local/openravenscar/lib/gcc-lib/sparc-ork-elf/2.8.1/adalib/libgnat.a(a-filico.o)
                              b~main.o (ada__finalization__list_controller___elabs)
[...]
Memory Configuration

Name             Origin             Length             Attributes
rom              0x00000000         0x00200000         xr
ram              0x02000000         0x003f8000         xrw
*default*        0x00000000         0xffffffff

Linker script and memory map

                0x00200000                PROM_SIZE=0x200000
                0x00400000                RAM_SIZE=0x400000
                0x00000000                PROM_START=0x0
                0x00200000                PROM_END=(PROM_START+PROM_SIZE)
                0x02000000                RAM_START=0x2000000
                0x02400000                RAM_END=(RAM_START+RAM_SIZE)

.text           0x02000000    0x30fa0
 CREATE_OBJECT_SYMBOLS
                0x02000000                text_start=.
 *(.text)
 .text          0x02000000     0x1384 /usr/local/openravenscar/sparc-ork-elf/lib/ada_crt0.o
                0x020011bc                __exit
                0x02000000                trap_table
                0x02000000                start
                0x020011bc                _exit
 .text          0x02001384      0x24c b~main.o
                0x020015b8                ada_main___elabb
                0x02001384                adainit
                0x02001538                main
                0x0200151c                adafinal
 .text          0x020015d0       0x1c ./main.o
                0x020015d0                _ada_main
 .text          0x020015ec     0x50d8 ./devices.o
                0x02004c48                devices___init_proc__6
                0x020058f8                devices__display_distance
                0x02005ba0                devices__display_electrodes_sample
                0x02001788                devices__reading_sensors
                0x02003528                devices__reading_speed
                0x02005ab4                devices__display_headposition_sample
                0x02005a20                devices__display_steering
                0x02004094                devices___init_proc__5
                0x02001728                devices___init_proc
                0x020028fc                devices___init_proc__3
                0x02006318                devices(bool,...)(...)( *)
                0x02001d98                devices__reading_eyesimage
                0x0200598c                devices__display_speed
                0x0200664c                devices___elabb
                0x020065f0                devices__activate_brake
                0x02004ca8                devices__reading_steering
                0x02005eb8                devices__display_cronometro
                0x02006230                devices__light
                0x020034c8                devices___init_proc__4
                0x020040f4                devices__reading_headposition
                0x0200295c                devices__reading_distance
                0x02006594                devices__activate_automatic_driving
                0x02001d38                devices___init_proc__2
                0x020015ec                devices___elabs
                0x02005c8c                devices__display_eyes_sample
                0x02005814                devices__display_pulse_rate
 .text          0x020066c4      0x9a8 ./workload.o
                0x020066c4                workload___elabs
                0x02006ac4                workload__small_whetstone
                0x02007054                workload___elabb
 .text          0x0200706c      0x848 ./tools.o
                0x02007884                tools___elabb
                0x02007810                tools__execution_time
                0x02007760                tools__finishing_notice
                0x020076b0                tools__starting_notice
                0x0200706c                tools___elabs
                0x02007358                tools__print_an_integer
                0x02007510                tools__print_a_float
                0x020070b8                tools__current_time
 .text          0x020078b4     0x15e8 ./add.o
                0x020079e8                add___init_proc__3
                0x020078f0                add___init_proc
                0x020078b4                add__background
                0x02007a34                add___init_proc__4
                0x02008c04                add___elabb
                0x0200796c                add___init_proc__2
 .text          0x02008e9c      0x5e4 /usr/local/openravenscar/lib/gcc-lib/sparc-ork-elf/2.8.1/adalib/libgnarl.a(a-reatim.o)
                0x02008ec8                ada__real_time__Oadd__2
                0x0200909c                ada__real_time__split
                0x02008eb8                ada__real_time__Oadd
                0x02008f18                ada__real_time__Osubtract__4
                0x0200901c                ada__real_time__nanoseconds
                0x02008f88                ada__real_time__Odivide__2
                0x02008f44                ada__real_time__Odivide
                0x02008ef8                ada__real_time__Osubtract__2
                0x0200900c                ada__real_time__to_duration
                0x020093b4                ada__real_time__time_of
                0x02008ed8                ada__real_time__Oadd__3
                0x0200906c                ada__real_time__milliseconds
                0x02008e9c                ada__real_time__clock
                0x02009040                ada__real_time__microseconds
                0x02008ee8                ada__real_time__Osubtract
                0x02008f08                ada__real_time__Osubtract__3
                0x02009014                ada__real_time__to_time_span
                0x02008fe0                ada__real_time__Omultiply__2
                0x02008fb4                ada__real_time__Omultiply
 .text          0x02009480       0x68 /usr/local/openravenscar/lib/gcc-lib/sparc-ork-elf/2.8.1/adalib/libgnarl.a(a-retide.o)
                0x020094c4                ada__real_time__delays__to_duration
                0x02009480                ada__real_time__delays__delay_until
 .text          0x020094e8      0x10c /usr/local/openravenscar/lib/gcc-lib/sparc-ork-elf/2.8.1/adalib/libgnarl.a(s-taprob.o)
                0x020095d4                system__tasking__protected_objects___init_proc
                0x020095a4                system__tasking__protected_objects__unlock
                0x02009514                system__tasking__protected_objects__lock
                0x020095e0                system__tasking__protected_objects___init_proc__2
                0x020094e8                system__tasking__protected_objects__initialize_protection
                0x0200955c                system__tasking__protected_objects__lock_read_only
                0x020095bc                system__tasking__protected_objects__finalize_protection
 .text          0x020095f4      0x978 /usr/local/openravenscar/lib/gcc-lib/sparc-ork-elf/2.8.1/adalib/libgnarl.a(s-taprop.o)
                0x02009874                system__task_primitives__operations__get_priority
                0x020096ec                system__task_primitives__operations__unlock__2
                0x02009a4c                system__task_primitives__operations__check_no_locks
                0x02009670                system__task_primitives__operations__write_lock
                0x02009aac                system__task_primitives__operations__resume_task
                0x02009b2c                system__task_primitives__operations___elabb
                0x020097b8                system__task_primitives__operations__clock
                0x0200968c                system__task_primitives__operations__write_lock__2
                0x0200962c                system__task_primitives__operations__get_thread_id
                0x02009740                system__task_primitives__operations__timed_delay
                0x02009854                system__task_primitives__operations__set_priority
                0x0200971c                system__task_primitives__operations__timed_sleep
                0x02009610                system__task_primitives__operations__self
                0x02009704                system__task_primitives__operations__sleep
                0x02009a30                system__task_primitives__operations__set_exit_task_procedure
                0x020096d8                system__task_primitives__operations__unlock
                0x02009a64                system__task_primitives__operations__environment_task
                0x02009638                system__task_primitives__operations__initialize_lock
                0x02009d60                system__task_primitives__operations___init_proc
                0x02009a14                system__task_primitives__operations__exit_task
                0x020097dc                system__task_primitives__operations__wakeup
                0x020095f4                system__task_primitives__operations__set
                0x02009a3c                system__task_primitives__operations__abort_task
                0x02009a70                system__task_primitives__operations__lock_all_tasks_list
                0x020096a4                system__task_primitives__operations__write_lock__3
                0x02009a04                system__task_primitives__operations__finalize_tcb
                0x020098f0                system__task_primitives__operations__new_atcb
                0x02009aa4                system__task_primitives__operations__suspend_task
                0x020097f0                system__task_primitives__operations__yield
                0x02009a8c                system__task_primitives__operations__unlock_all_tasks_list
                0x02009ab4                system__task_primitives__operations__initialize
                0x02009a44                system__task_primitives__operations__check_exit
                0x02009968                system__task_primitives__operations__initialize_tcb
                0x02009624                system__task_primitives__operations__stack_guard
                0x02009668                system__task_primitives__operations__finalize_lock
                0x02009a0c                system__task_primitives__operations__default_exit_task_procedure
                0x020099a4                system__task_primitives__operations__create_task
                0x02009650                system__task_primitives__operations__initialize_lock__2
                0x020096bc                system__task_primitives__operations__read_lock
                0x0200988c                system__task_primitives__operations__enter_task
 .text          0x02009f6c      0x924 /usr/local/openravenscar/lib/gcc-lib/sparc-ork-elf/2.8.1/adalib/libgnarl.a(s-tarest.o)
                0x0200a1e0                system__tasking__restricted__stages__create_restricted_task
                0x0200a6e0                system__tasking__restricted__stages__restricted_terminated
                0x0200a3f0                system__tasking__restricted__stages__activate_restricted_tasks
                0x0200a5b0                system__tasking__restricted__stages__complete_restricted_activation
                0x0200a6f4                system__tasking__restricted__stages__finalize_global_tasks
                0x0200a748                system__tasking__restricted__stages___elabb
                0x0200a680                system__tasking__restricted__stages__complete_restricted_task
 .text          0x0200a890      0xf44 /usr/local/openravenscar/lib/gcc-lib/sparc-ork-elf/2.8.1/adalib/libgnarl.a(s-tasdeb.o)
                0x0200b508                system__tasking__debug__image
                0x0200b7ac                system__tasking__debug___init_proc__2
                0x0200b1e4                system__tasking__debug__print_current_task
                0x0200b458                system__tasking__debug__trace__2
                0x0200a890                system__tasking__debug___elabs
                0x0200b200                system__tasking__debug__list_tasks
                0x0200b6b0                system__tasking__debug__resume_all_tasks
                0x0200a908                system__tasking__debug__set_user_state
                0x0200b030                system__tasking__debug__print_task_info_header
                0x0200b76c                system__tasking__debug___init_proc
                0x0200a8f4                system__tasking__debug__self
                0x0200b6e8                system__tasking__debug___elabb
                0x0200b240                system__tasking__debug__print_accept_info
                0x0200b4f4                system__tasking__debug__set_trace
                0x0200b304                system__tasking__debug__trace
                0x0200b48c                system__tasking__debug__trace__3
                0x0200b4c0                system__tasking__debug__trace__4
                0x0200abf0                system__tasking__debug__print_task_info
                0x0200a8ec                system__tasking__debug__task_termination_hook
                0x0200a8e4                system__tasking__debug__task_creation_hook
                0x0200b678                system__tasking__debug__suspend_all_tasks
 .text          0x0200b7d4      0x75c /usr/local/openravenscar/lib/gcc-lib/sparc-ork-elf/2.8.1/adalib/libgnarl.a(s-taskin.o)
                0x0200bbe8                system__tasking___init_proc__3
                0x0200be90                system__tasking___init_proc__8
                0x0200be50                system__tasking___init_proc__7
                0x0200b7d4                system__tasking__self
                0x0200bbb0                system__tasking___init_proc__2
                0x0200b910                system__tasking___elabb
                0x0200bc64                system__tasking___init_proc__4
                0x0200be9c                system__tasking___init_proc__9
                0x0200bb5c                system__tasking___init_proc
                0x0200bcb8                system__tasking___init_proc__6
                0x0200b7e8                system__tasking__initialize_atcb
                0x0200bc70                system__tasking___init_proc__5
 .text          0x0200bf30       0x14 /usr/local/openravenscar/lib/gcc-lib/sparc-ork-elf/2.8.1/adalib/libgnarl.a(s-taspri.o)
                0x0200bf30                system__task_primitives___init_proc
 .text          0x0200bf44      0x1f0 /usr/local/openravenscar/lib/gcc-lib/sparc-ork-elf/2.8.1/adalib/libgnarl.a(kernel-interrupts.o)
                0x0200c00c                kernel_detach_interrupt_handler
                0x0200c054                kernel__interrupts___elabb
                0x0200bf44                kernel__interrupts__null_handler
                0x0200bf4c                kernel__interrupts__wrapper
                0x0200c034                kernel_current_interrupt_handler
                0x0200bfac                kernel_attach_interrupt_handler
                0x0200c0d8                kernel__interrupts___init_proc__2
                0x0200c0c0                kernel__interrupts___init_proc
 .text          0x0200c134      0x5dc /usr/local/openravenscar/lib/gcc-lib/sparc-ork-elf/2.8.1/adalib/libgnarl.a(kernel-threads.o)
                0x0200c134                kernel__threads___elabs
                0x0200c6d4                kernel__threads___init_proc__3
                0x0200c3a4                kernel_yield
                0x0200c4a4                kernel_check_no_mutexes
                0x0200c4b4                kernel_condition_init
                0x0200c304                kernel__threads__set_active_priority
                0x0200c2b8                kernel_set_priority
                0x0200c578                kernel_condition_signal
                0x0200c5d8                kernel_thread_create
                0x0200c1c0                kernel__threads__default_dummy_task_function
                0x0200c6a0                kernel_thread_self
                0x0200c170                kernel__threads__thread_caller
                0x0200c4bc                kernel_condition_wait
                0x0200c1d0                kernel_initialize
                0x0200c444                kernel_mutex_unlock
                0x0200c3ec                kernel_mutex_lock
                0x0200c3e0                kernel_mutex_init
                0x0200c6b0                kernel__threads___elabb
                0x0200c6c0                kernel__threads___init_proc
                0x0200c6cc                kernel__threads___init_proc__2
                0x0200c388                kernel_get_priority
 .text          0x0200c710       0x28 /usr/local/openravenscar/lib/gcc-lib/sparc-ork-elf/2.8.1/adalib/libgnarl.a(kernel-threads-atcb.o)
                0x0200c728                kernel__threads__atcb___elabb
                0x0200c718                kernel__threads__atcb__thread_self_atcb
                0x0200c710                kernel__threads__atcb__set_atcb
 .text          0x0200c738      0x478 /usr/local/openravenscar/lib/gcc-lib/sparc-ork-elf/2.8.1/adalib/libgnarl.a(kernel-threads-queues.o)
                0x0200c950                kernel__threads__queues__insert_alarm
                0x0200c7f4                kernel__threads__queues__insert_at_tail
                0x0200c750                kernel__threads__queues__insert_at_head
                0x0200ca1c                kernel__threads__queues__extract_first_alarm
                0x0200c904                kernel__threads__queues__get_new_thread_descriptor
                0x0200cb20                kernel__threads__queues___init_proc
                0x0200c898                kernel__threads__queues__extract_from_ready
                0x0200ca48                kernel__threads__queues__get_next_alarm_time
                0x0200ca7c                kernel__threads__queues___elabb
                0x0200c8e0                kernel__threads__queues__next_running
                0x0200c744                kernel__threads__queues__environment_thread_id
                0x0200c738                kernel__threads__queues__dummy_thread_id
 .text          0x0200cbb0      0x108 /usr/local/openravenscar/lib/gcc-lib/sparc-ork-elf/2.8.1/adalib/libgnarl.a(kernel-threads-protection.o)
                0x0200cbd4                kernel__threads__protection__leave_kernel
                0x0200cbb0                kernel__threads__protection__dispatch
                0x0200cca8                kernel__threads__protection___elabb
                0x0200cbc0                kernel__threads__protection__enter_kernel
 .text          0x0200ccb8      0x3c4 /usr/local/openravenscar/lib/gcc-lib/sparc-ork-elf/2.8.1/adalib/libgnarl.a(kernel-time.o)
                0x0200cd70                kernel_delay_until
                0x0200ccb8                kernel_clock
                0x0200d03c                kernel__time___elabb
 .text          0x0200d07c       0x9c /usr/local/openravenscar/lib/gcc-lib/sparc-ork-elf/2.8.1/adalib/libgnarl.a(kernel-memory.o)
                0x0200d0d8                kernel__memory___elabb
                0x0200d084                kernel_new_stack
                0x0200d07c                kernel_new_memory_region
 .text          0x0200d118       0x88 /usr/local/openravenscar/lib/gcc-lib/sparc-ork-elf/2.8.1/adalib/libgnarl.a(kernel-cpu_primitives.o)
                0x0200d118                kernel__cpu_primitives__context_switch
                0x0200d124                kernel__cpu_primitives__initialize_context
                0x0200d190                kernel__cpu_primitives___elabb
 .text          0x0200d1a0       0x44 /usr/local/openravenscar/lib/gcc-lib/sparc-ork-elf/2.8.1/adalib/libgnarl.a(kernel-peripherals-registers.o)
                0x0200d1a0                kernel__peripherals__registers___elabs
 .text          0x0200d1e4      0x6ac /usr/local/openravenscar/lib/gcc-lib/sparc-ork-elf/2.8.1/adalib/libgnarl.a(kernel-peripherals.o)
                0x0200d1f4                kernel__peripherals__stop_watch_dog
                0x0200d1e4                kernel__peripherals__to_vector
                0x0200d210                kernel__peripherals__init_clock
                0x0200d7dc                kernel__peripherals___elabb
                0x0200d2f4                kernel__peripherals__cancel_and_set_alarm
                0x0200d2d0                kernel__peripherals__init_board
                0x0200d308                kernel__peripherals__set_alarm
                0x0200d47c                kernel__peripherals__read_clock
                0x0200d4ec                kernel__peripherals__clear_alarm_interrupt
                0x0200d71c                kernel__peripherals__uart_send
                0x0200d4f4                kernel__peripherals__clear_clock_interrupt
                0x0200d630                kernel__peripherals__init_uart
                0x0200d208                kernel__peripherals__memory_configuration
                0x0200d4fc                kernel__peripherals__protect_segment
                0x0200d1ec                kernel__peripherals__priority_of_interrupt
 .text          0x0200d890       0xe4 /usr/local/openravenscar/lib/gcc-lib/sparc-ork-elf/2.8.1/adalib/libgnarl.a(kernel-serial_output.o)
                0x0200d8e8                kernel_new_line
                0x0200d8fc                kernel_put_line_c
                0x0200d8a8                kernel__serial_output__put__2
                0x0200d890                kernel_put_c
                0x0200d918                kernel__serial_output__put_line__2
                0x0200d948                kernel__serial_output___elabb
 .text          0x0200d974      0x2dc /usr/local/openravenscar/lib/gcc-lib/sparc-ork-elf/2.8.1/adalib/libgnarl.a(context.o)
                0x0200dc48                exit_from_context_switch
                0x0200d974                context_switch
                0x0200d980                context_trap
 .text          0x0200dc50      0x60c /usr/local/openravenscar/lib/gcc-lib/sparc-ork-elf/2.8.1/adalib/libgnarl.a(install_handler.o)
                0x0200dd08                set_next_running
                0x0200dc50                enable_traps
                0x0200dcb4                install_trap_handler
                0x0200dc64                install_int_handler
 .text          0x0200e25c       0x34 /usr/local/openravenscar/lib/gcc-lib/sparc-ork-elf/2.8.1/adalib/libgnarl.a(int_level.o)
                0x0200e25c                disable_interrupts
                0x0200e274                enable_interrupts
 .text          0x0200e290     0x25c0 /usr/local/openravenscar/lib/gcc-lib/sparc-ork-elf/2.8.1/adalib/libgnat.a(a-except.o)
                0x0200faf8                ada__exceptions__sdp_table_sort_move
                0x0200fc58                ada__exceptions__string_to_eid
                0x0200f314                __gnat_raise_nodefer_with_msg
                0x0200e4c0                ada__exceptions__current_target_exception
                0x0200f48c                ada__exceptions__raise_from_signal_handler
                0x0200e310                ada__exceptions__address_image
                0x0200f710                ada__exceptions__save_occurrence
                0x020102f4                __gnat_notify_exception
                0x0200efd4                ada__exceptions__propagate_exception
                0x0200ee48                ada__exceptions__exception_name_simple
                0x0200f664                __gnat_reraise
                0x0200f3f4                __gnat_raise_exception
                0x0200e290                ada__exceptions___elabs
                0x0200e418                __gnat_break_start
                0x0200e404                ada__exceptions__allocate_machine_state
                0x0200e4e4                ada__exceptions__deallocate_machine_state
                0x0200e798                ada__exceptions__exception_information
                0x0200f5c4                __gnat_raise_storage_error
                0x0200e554                ada__exceptions__eo_to_string
                0x0200fa5c                ada__exceptions__sdp_table_sort_lt
                0x02010768                ada__exceptions__raise_exception_no_defer
                0x0200ed54                ada__exceptions__exception_name__2
                0x02010810                ada__exceptions__zzz
                0x0200e300                ada__exceptions__poll
                0x0200f5e4                ada__exceptions__raise_with_c_msg
                0x02010388                ada__exceptions__unhandled_exception_terminate
                0x0200e4f8                ada__exceptions__eid_to_string
                0x0200f7a4                ada__exceptions__save_occurrence__2
                0x0200f550                ada__exceptions__raise_with_location
                0x0200f528                ada__exceptions__raise_no_msg
                0x0200ec90                ada__exceptions__exception_message
                0x0200fb28                ada__exceptions__set_exception_c_msg
                0x0200fd80                ada__exceptions__string_to_eo
                0x0200f584                __gnat_raise_constraint_error
                0x0200f69c                ada__exceptions__reraise_occurrence
                0x02010818                ada__exceptions___elabb
                0x02010840                ada__exceptions___init_proc
                0x0200ee18                ada__exceptions__exception_name
                0x0200e308                ada__exceptions__aaa
                0x0200f6e4                ada__exceptions__reraise_occurrence_no_defer
                0x0200e5b4                ada__exceptions__exception_identity
                0x0200f7d0                __gnat_SDP_Table_Build
                0x020102ec                __gnat_unhandled_exception
                0x0200e420                ada__exceptions__call_chain
                0x0200f618                __gnat_raise_with_msg
                0x0200f5a4                __gnat_raise_program_error
 .text          0x02010850      0x2ec /usr/local/openravenscar/lib/gcc-lib/sparc-ork-elf/2.8.1/adalib/libgnat.a(a-filico.o)
                0x0201089c                ada__finalization__list_controller___deep_finalize__2
                0x02010b08                ada__finalization__list_controller___init_proc__2
                0x02010acc                ada__finalization__list_controller__finalize
                0x0201088c                ada__finalization__list_controller___size__2
                0x02010ae4                ada__finalization__list_controller___init_proc
                0x02010a98                ada__finalization__list_controller__finalize__2
                0x020108c8                ada__finalization__list_controller___elabs
                0x02010850                ada__finalization__list_controller___size
                0x02010a80                ada__finalization__list_controller__initialize__2
                0x02010860                ada__finalization__list_controller___deep_finalize
 .text          0x02010b3c      0x560 /usr/local/openravenscar/lib/gcc-lib/sparc-ork-elf/2.8.1/adalib/libgnat.a(a-finali.o)
                0x02010d9c                ada__finalization___size__4
                0x0201101c                ada__finalization__initialize
                0x02011034                ada__finalization__Oeq__2
                0x0201105c                ada__finalization___init_proc
                0x02010b64                ada__finalization___write__3
                0x02011054                ada__finalization__finalize__2
                0x02010b3c                ada__finalization___size__3
                0x02010b4c                ada__finalization___read__3
                0x02011024                ada__finalization__adjust
                0x0201107c                ada__finalization___init_proc__2
                0x02010dd8                ada__finalization___elabs
                0x0201102c                ada__finalization__finalize
                0x02010d48                ada__finalization___deep_adjust
                0x0201104c                ada__finalization__initialize__2
                0x02010b7c                ada__finalization___assign__3
                0x02010d70                ada__finalization___deep_finalize
                0x02010dac                ada__finalization___deep_finalize__2
 .text          0x0201109c       0x6c /usr/local/openravenscar/lib/gcc-lib/sparc-ork-elf/2.8.1/adalib/libgnat.a(a-ioexce.o)
                0x0201109c                ada__io_exceptions___elabs
 .text          0x02011108     0x1e98 /usr/local/openravenscar/lib/gcc-lib/sparc-ork-elf/2.8.1/adalib/libgnat.a(a-nuelfu.o)
                0x02012bc4                ada__numerics__elementary_functions__sinh
                0x02011a4c                ada__numerics__elementary_functions__arcsin
                0x02011834                ada__numerics__elementary_functions__arccosh
                0x02011c78                ada__numerics__elementary_functions__arcsinh
                0x02011108                ada__numerics__elementary_functions__Oexpon
                0x02011948                ada__numerics__elementary_functions__arccoth
                0x0201192c                ada__numerics__elementary_functions__arccot__2
                0x02011b20                ada__numerics__elementary_functions__arcsin__2
                0x02011ea8                ada__numerics__elementary_functions__arctan__2
                0x020116c8                ada__numerics__elementary_functions__arccos__2
                0x020121a8                ada__numerics__elementary_functions__cos
                0x02012cd0                ada__numerics__elementary_functions__sqrt
                0x02012ddc                ada__numerics__elementary_functions__tan__2
                0x02012ac8                ada__numerics__elementary_functions__sin__2
                0x02012958                ada__numerics__elementary_functions__log__2
                0x020123ac                ada__numerics__elementary_functions__cot__2
                0x02012f0c                ada__numerics__elementary_functions__tanh
                0x02012514                ada__numerics__elementary_functions__coth
                0x0201289c                ada__numerics__elementary_functions__log
                0x02012258                ada__numerics__elementary_functions__cosh
                0x02011914                ada__numerics__elementary_functions__arccot
                0x02011d98                ada__numerics__elementary_functions__arctan
                0x02012a80                ada__numerics__elementary_functions__sin
                0x020115c8                ada__numerics__elementary_functions__arccos
                0x02012214                ada__numerics__elementary_functions__cos__2
                0x02012d54                ada__numerics__elementary_functions__tan
                0x02012608                ada__numerics__elementary_functions__exp
                0x02012304                ada__numerics__elementary_functions__cot
                0x0201201c                ada__numerics__elementary_functions__arctanh
 .text          0x02012fa0       0x18 /usr/local/openravenscar/lib/gcc-lib/sparc-ork-elf/2.8.1/adalib/libgnat.a(a-numeri.o)
                0x02012fa0                ada__numerics___elabs
 .text          0x02012fb8       0xc0 /usr/local/openravenscar/lib/gcc-lib/sparc-ork-elf/2.8.1/adalib/libgnat.a(a-stream.o)
                0x02012fd0                ada__streams___elabs
                0x02012fc8                ada__streams___deep_finalize
                0x02012fb8                ada__streams___size
                0x02013068                ada__streams___init_proc
 .text          0x02013078      0x934 /usr/local/openravenscar/lib/gcc-lib/sparc-ork-elf/2.8.1/adalib/libgnat.a(a-tags.o)
                0x020136e0                ada__tags__length
                0x0201394c                ada__tags___init_proc
                0x020131ec                ada__tags__external_tag_htable__removeXn
                0x02013804                ada__tags__get_rc_offset
                0x02013920                ada__tags__set_remotely_callable
                0x020138e8                ada__tags__set_prim_op_address
                0x020138c8                ada__tags__register_tag
                0x02013868                ada__tags__inherit_tsd
                0x02013078                ada__tags___elabs
                0x020137e0                ada__tags__get_expanded_name
                0x020138fc                ada__tags__set_expanded_name
                0x02013810                ada__tags__get_remotely_callable
                0x02013408                ada__tags__expanded_name
                0x02013090                ada__tags__external_tag_htable__getXn
                0x020137f8                ada__tags__get_inheritance_depth
                0x02013828                ada__tags__get_tsd
                0x020132e4                ada__tags__external_tag_htable__setXn
                0x020137a0                ada__tags__cw_membership
                0x02013830                ada__tags__inherit_dt
                0x02013138                ada__tags__external_tag_htable__get_nextXn
                0x02013510                ada__tags__get_external_tag
                0x02013534                ada__tags__internal_tag
                0x02013954                ada__tags___init_proc__2
                0x0201373c                ada__tags___elabb
                0x020138f4                ada__tags__set_tsd
                0x02013908                ada__tags__set_external_tag
                0x02013358                ada__tags__get_ht_link
                0x02013714                ada__tags__parent_size
                0x02013320                ada__tags__equal
                0x02013104                ada__tags__external_tag_htable__get_firstXn
                0x020138dc                ada__tags__set_inheritance_depth
                0x0201348c                ada__tags__external_tag
                0x02013174                ada__tags__external_tag_htable__get_non_nullXn
                0x020137ec                ada__tags__get_prim_op_address
                0x02013914                ada__tags__set_rc_offset
                0x020133c4                ada__tags__hash
                0x020132a4                ada__tags__external_tag_htable__resetXn
                0x020133fc                ada__tags__set_ht_link
                0x02013960                ada__tags__external_tag_htable___init_procXn
 .text          0x020139ac      0x25c /usr/local/openravenscar/lib/gcc-lib/sparc-ork-elf/2.8.1/adalib/libgnat.a(g-except.o)
                0x02013af8                gnat__exceptions___deep_finalize
                0x020139c4                gnat__exceptions___write
                0x02013a00                gnat__exceptions___output
                0x02013a20                gnat__exceptions___assign
                0x020139cc                gnat__exceptions___input
                0x02013b00                gnat__exceptions___elabs
                0x020139bc                gnat__exceptions___read
                0x020139ac                gnat__exceptions___size
                0x02013bf8                gnat__exceptions___init_proc
                0x02013a18                gnat__exceptions__Oeq
                0x02013af0                gnat__exceptions___deep_adjust
 .text          0x02013c08      0x174 /usr/local/openravenscar/lib/gcc-lib/sparc-ork-elf/2.8.1/adalib/libgnat.a(g-hesora.o)
                0x02013cd8                gnat__heap_sort_a__sort
 .text          0x02013d7c      0xc6c /usr/local/openravenscar/lib/gcc-lib/sparc-ork-elf/2.8.1/adalib/libgnat.a(i-c.o)
                0x0201468c                interfaces__c__to_c__4
                0x020141cc                interfaces__c__to_ada__6
                0x02013de0                interfaces__c__is_nul_terminated__2
                0x02013e30                interfaces__c__to_ada
                0x02013e38                interfaces__c__to_ada__2
                0x020142f4                interfaces__c__to_c
                0x02013d94                interfaces__c__is_nul_terminated
                0x02014840                interfaces__c__to_c__6
                0x02013f6c                interfaces__c__to_ada__3
                0x02013d7c                interfaces__c___elabs
                0x020144f4                interfaces__c__to_c__3
                0x0201408c                interfaces__c__to_ada__5
                0x02014694                interfaces__c__to_c__5
                0x020142fc                interfaces__c__to_c__2
                0x02014084                interfaces__c__to_ada__4
 .text          0x020149e8     0x13b4 /usr/local/openravenscar/lib/gcc-lib/sparc-ork-elf/2.8.1/adalib/libgnat.a(s-arit64.o)
                0x02014b24                system__arith_64__hi
                0x020150cc                system__arith_64__scaled_divide
                0x0201509c                system__arith_64__raise_error
                0x02014a9c                system__arith_64__Odivide
                0x02014a10                system__arith_64__Oadd__2
                0x02015cc8                system__arith_64__subtract_with_ovflo_check
                0x02014a40                system__arith_64__Omultiply
                0x02014b34                system__arith_64__lo
                0x02014a70                system__arith_64__Omultiply__2
                0x02014ba8                system__arith_64__double_divide
                0x02014e98                system__arith_64__multiply_with_ovflo_check
                0x02015d7c                system__arith_64__to_pos_int
                0x020149e8                system__arith_64__Oadd
                0x02014af4                system__arith_64__Oconcat
                0x02015d44                system__arith_64__to_neg_int
                0x02014ac8                system__arith_64__Orem
                0x02014b3c                system__arith_64__add_with_ovflo_check
                0x02014a28                system__arith_64__Osubtract
 .text          0x02015d9c      0x16c /usr/local/openravenscar/lib/gcc-lib/sparc-ork-elf/2.8.1/adalib/libgnat.a(s-except.o)
                0x02015dc0                system__exceptions___init_proc
                0x02015d9c                system__exceptions___elabs
                0x02015e68                system__exceptions___init_proc__4
                0x02015e08                system__exceptions___init_proc__3
                0x02015ea8                system__exceptions___init_proc__5
                0x02015dc8                system__exceptions___init_proc__2
 .text          0x02015f08      0x54c /usr/local/openravenscar/lib/gcc-lib/sparc-ork-elf/2.8.1/adalib/libgnat.a(s-exctab.o)
                0x0201621c                system__exception_table__get_key
                0x02015fb0                system__exception_table__exception_htable__get_nextXn
                0x020161e4                system__exception_table__equal
                0x0201615c                system__exception_table__exception_htable__setXn
                0x02016408                system__exception_table__exception_htable___init_procXn
                0x02015f08                system__exception_table__exception_htable__getXn
                0x020161a0                system__exception_table__get_ht_link
                0x0201611c                system__exception_table__exception_htable__resetXn
                0x02016198                system__exception_table__set_ht_link
                0x02016224                system__exception_table__internal_exception
                0x02015fec                system__exception_table__exception_htable__get_non_nullXn
                0x020161a8                system__exception_table__hash
                0x02015f7c                system__exception_table__exception_htable__get_firstXn
                0x02016358                system__exception_table___elabb
                0x02016344                system__exception_table__register_exception
                0x02016064                system__exception_table__exception_htable__removeXn
 .text          0x02016454      0x1c4 /usr/local/openravenscar/lib/gcc-lib/sparc-ork-elf/2.8.1/adalib/libgnat.a(s-exnflt.o)
                0x02016454                system__exn_flt__exn_float
 .text          0x02016618      0xb2c /usr/local/openravenscar/lib/gcc-lib/sparc-ork-elf/2.8.1/adalib/libgnat.a(s-fatflt.o)
                0x02016fcc                system__fat_flt__fat_float__truncation
                0x0201675c                system__fat_flt__fat_float__decompose
                0x02016af0                system__fat_flt__fat_float__model
                0x020169f8                system__fat_flt__fat_float__floor
                0x02016b04                system__fat_flt__fat_float__pred
                0x02016dcc                system__fat_flt__fat_float__scaling
                0x02016a80                system__fat_flt__fat_float__leading_part
                0x0201707c                system__fat_flt__fat_float__unbiased_rounding
                0x02016670                system__fat_flt__fat_float__ceiling
                0x020166d0                system__fat_flt__fat_float__compose
                0x020169d0                system__fat_flt__fat_float__exponent
                0x02016a58                system__fat_flt__fat_float__fraction
                0x02016948                system__fat_flt__fat_float__gradual_scaling
                0x02016bbc                system__fat_flt__fat_float__remainder
                0x02016d44                system__fat_flt__fat_float__rounding
                0x02016618                system__fat_flt__fat_float__adjacent
                0x02016ee4                system__fat_flt__fat_float__succ
                0x02017124                system__fat_flt__fat_float__valid
                0x02016700                system__fat_flt__fat_float__copy_sign
                0x02016adc                system__fat_flt__fat_float__machine
 .text          0x02017144     0x13dc /usr/local/openravenscar/lib/gcc-lib/sparc-ork-elf/2.8.1/adalib/libgnat.a(s-finimp.o)
                0x02018364                system__finalization_implementation__deep_tag_attach
                0x02017370                system__finalization_implementation___read__2
                0x020179c4                system__finalization_implementation__detach_from_final_list
                0x02017208                system__finalization_implementation___output
                0x02017e20                system__finalization_implementation__finalize_list
                0x0201743c                system__finalization_implementation__Oeq__2
                0x020184f0                system__finalization_implementation___init_proc__2
                0x02017268                system__finalization_implementation___assign
                0x0201841c                system__finalization_implementation__initialize__2
                0x02017828                system__finalization_implementation__attach_to_final_list
                0x020181c8                system__finalization_implementation__deep_tag_adjust
                0x02017484                system__finalization_implementation___assign__2
                0x02017220                system__finalization_implementation__Oeq
                0x020171b0                system__finalization_implementation___input
                0x0201718c                system__finalization_implementation___write
                0x020180d8                system__finalization_implementation__deep_tag_initialize
                0x02018414                system__finalization_implementation__initialize
                0x020184cc                system__finalization_implementation___init_proc
                0x02017394                system__finalization_implementation___write__2
                0x02017584                system__finalization_implementation___elabs
                0x02017424                system__finalization_implementation___output__2
                0x020173b8                system__finalization_implementation___input__2
                0x02017154                system__finalization_implementation___read
                0x02017f8c                system__finalization_implementation__finalize_one
                0x02018294                system__finalization_implementation__deep_tag_finalize
                0x02017f64                system__finalization_implementation__finalize_global_list
                0x020184b8                system__finalization_implementation__finalize
                0x02017360                system__finalization_implementation___size__2
                0x02018484                system__finalization_implementation__adjust__2
                0x02017144                system__finalization_implementation___size
 .text          0x02018520      0x658 /usr/local/openravenscar/lib/gcc-lib/sparc-ork-elf/2.8.1/adalib/libgnat.a(s-finroo.o)
                0x02018520                system__finalization_root___size
                0x02018b54                system__finalization_root___init_proc__2
                0x02018530                system__finalization_root___read
                0x02018868                system__finalization_root___elabs
                0x02018720                system__finalization_root__Oeq__2
                0x020186b0                system__finalization_root___input__2
                0x02018538                system__finalization_root___write
                0x02018548                system__finalization_root___assign
                0x02018b14                system__finalization_root__finalize
                0x02018708                system__finalization_root___output__2
                0x02018ab4                system__finalization_root__initialize
                0x02018540                system__finalization_root__Oeq
                0x02018628                system__finalization_root___read__2
                0x02018680                system__finalization_root___write__2
                0x02018618                system__finalization_root___size__2
                0x02018ae4                system__finalization_root__adjust
                0x02018778                system__finalization_root___assign__2
                0x02018b44                system__finalization_root___init_proc
 .text          0x02018b78      0x1b4 /usr/local/openravenscar/lib/gcc-lib/sparc-ork-elf/2.8.1/adalib/libgnat.a(s-imgint.o)
                0x02018cb4                system__img_int__set_image_integer
                0x02018b78                system__img_int__image_integer
 .text          0x02018d2c      0xbc8 /usr/local/openravenscar/lib/gcc-lib/sparc-ork-elf/2.8.1/adalib/libgnat.a(s-imgrea.o)
                0x02018d2c                system__img_real__image_ordinary_fixed_point
                0x02019418                system__img_real__set_image_real
                0x02018e00                system__img_real__image_floating_point
 .text          0x020198f4      0x160 /usr/local/openravenscar/lib/gcc-lib/sparc-ork-elf/2.8.1/adalib/libgnat.a(s-imguns.o)
                0x020198f4                system__img_uns__image_unsigned
                0x02019a14                system__img_uns__set_image_unsigned
 .text          0x02019a54       0x40 /usr/local/openravenscar/lib/gcc-lib/sparc-ork-elf/2.8.1/adalib/libgnat.a(s-mastop.o)
                0x02019a6c                system__machine_state_operations__get_code_loc
                0x02019a54                system__machine_state_operations__allocate_machine_state
                0x02019a8c                system__machine_state_operations__set_signal_machine_state
                0x02019a64                system__machine_state_operations__free_machine_state
                0x02019a74                system__machine_state_operations__machine_state_length
                0x02019a5c                system__machine_state_operations__enter_handler
                0x02019a84                system__machine_state_operations__set_machine_state
                0x02019a7c                system__machine_state_operations__pop_frame
 .text          0x02019a94       0x50 /usr/local/openravenscar/lib/gcc-lib/sparc-ork-elf/2.8.1/adalib/libgnat.a(s-parame.o)
                0x02019a9c                system__parameters__minimum_stack_size
                0x02019aa4                system__parameters__adjust_storage_size
                0x02019a94                system__parameters__default_stack_size
 .text          0x02019ae4      0x314 /usr/local/openravenscar/lib/gcc-lib/sparc-ork-elf/2.8.1/adalib/libgnat.a(s-secsta.o)
                0x02019df0                system__secondary_stack___init_proc__2
                0x02019d94                system__secondary_stack___elabb
                0x02019ae4                system__secondary_stack__ss_allocate
                0x02019cd8                system__secondary_stack__ss_free
                0x02019d74                system__secondary_stack__ss_release
                0x02019d54                system__secondary_stack__ss_mark
                0x02019ddc                system__secondary_stack___init_proc
                0x02019c74                system__secondary_stack__ss_init
 .text          0x02019df8      0x1fc /usr/local/openravenscar/lib/gcc-lib/sparc-ork-elf/2.8.1/adalib/libgnat.a(s-sopco3.o)
                0x02019df8                system__string_ops_concat_3__str_concat_3
 .text          0x02019ff4      0x1e4 /usr/local/openravenscar/lib/gcc-lib/sparc-ork-elf/2.8.1/adalib/libgnat.a(s-stache.o)
                0x02019ff4                system__stack_checking___elabs
                0x0201a00c                _gnat_stack_check
                0x0201a190                system__stack_checking__set_stack_size
                0x0201a1c8                system__stack_checking___init_proc
                0x0201a098                system__stack_checking__invalidate_stack_cache
                0x0201a1b8                system__stack_checking__update_stack_cache
 .text          0x0201a1d8       0x28 /usr/local/openravenscar/lib/gcc-lib/sparc-ork-elf/2.8.1/adalib/libgnat.a(s-stalib.o)
                0x0201a1d8                system__standard_library__abort_undefer_direct
                0x0201a1f4                system__standard_library___init_proc
 .text          0x0201a200       0x64 /usr/local/openravenscar/lib/gcc-lib/sparc-ork-elf/2.8.1/adalib/libgnat.a(s-stoele.o)
                0x0201a220                system__storage_elements__Omod
                0x0201a254                system__storage_elements__to_address
                0x0201a208                system__storage_elements__Oadd__2
                0x0201a210                system__storage_elements__Osubtract
                0x0201a200                system__storage_elements__Oadd
                0x0201a25c                system__storage_elements__to_integer
                0x0201a218                system__storage_elements__Osubtract__2
 .text          0x0201a264     0x102c /usr/local/openravenscar/lib/gcc-lib/sparc-ork-elf/2.8.1/adalib/libgnat.a(s-stratt.o)
                0x0201a97c                system__stream_attributes__i_si
                0x0201ac34                system__stream_attributes__w_ad
                0x0201a36c                system__stream_attributes__i_b
                0x0201ad28                system__stream_attributes__w_c
                0x0201a544                system__stream_attributes__i_lf
                0x0201a8f4                system__stream_attributes__i_sf
                0x0201b1b0                system__stream_attributes__w_su
                0x0201a3d0                system__stream_attributes__i_c
                0x0201a674                system__stream_attributes__i_llf
                0x0201aabc                system__stream_attributes__i_su
                0x0201a7c4                system__stream_attributes__i_llu
                0x0201b0ac                system__stream_attributes__w_sf
                0x0201ab34                system__stream_attributes__i_u
                0x0201b24c                system__stream_attributes__w_wc
                0x0201a264                system__stream_attributes__i_ad
                0x0201b1f4                system__stream_attributes__w_u
                0x0201b054                system__stream_attributes__w_lu
                0x0201acf4                system__stream_attributes__w_b
                0x0201af5c                system__stream_attributes__w_lli
                0x0201aa58                system__stream_attributes__i_ssu
                0x0201a5ec                system__stream_attributes__i_li
                0x0201b148                system__stream_attributes__w_ssi
                0x0201b104                system__stream_attributes__w_si
                0x0201ae0c                system__stream_attributes__w_lf
                0x0201a9f4                system__stream_attributes__i_ssi
                0x0201a434                system__stream_attributes__i_f
                0x0201ae88                system__stream_attributes__w_li
                0x0201aca4                system__stream_attributes__w_as
                0x0201adb4                system__stream_attributes__w_i
                0x0201a4bc                system__stream_attributes__i_i
                0x0201a71c                system__stream_attributes__i_lli
                0x0201abbc                system__stream_attributes__i_wc
                0x0201aee0                system__stream_attributes__w_llf
                0x0201b17c                system__stream_attributes__w_ssu
                0x0201a2dc                system__stream_attributes__i_as
                0x0201ad5c                system__stream_attributes__w_f
                0x0201afd8                system__stream_attributes__w_llu
                0x0201a86c                system__stream_attributes__i_lu
 .text          0x0201b290      0x5b8 /usr/local/openravenscar/lib/gcc-lib/sparc-ork-elf/2.8.1/adalib/libgnat.a(s-strops.o)
                0x0201b6b4                system__string_ops__str_equal
                0x0201b58c                system__string_ops__str_concat_sc
                0x0201b7c4                system__string_ops__str_normalize
                0x0201b290                system__string_ops__str_concat
                0x0201b4b0                system__string_ops__str_concat_cs
                0x0201b804                system__string_ops__wide_str_normalize
                0x0201b450                system__string_ops__str_concat_cc
 .text          0x0201b848      0x298 /usr/local/openravenscar/lib/gcc-lib/sparc-ork-elf/2.8.1/adalib/libgnat.a(s-soflin.o)
                0x0201b9ac                system__soft_links__set_jmpbuf_address_soft
                0x0201b918                system__soft_links__get_stack_info_nt
                0x0201ba74                system__soft_links___elabb
                0x0201b90c                system__soft_links__get_current_excep_nt
                0x0201ba1c                system__soft_links__set_exc_stack_addr_soft
                0x0201b848                system__soft_links__abort_defer_nt
                0x0201b87c                system__soft_links__check_abort_status_nt
                0x0201b8c4                system__soft_links__get_sec_stack_addr_nt
                0x0201b8b8                system__soft_links__set_jmpbuf_address_nt
                0x0201b89c                system__soft_links__task_lock_nt
                0x0201ba58                system__soft_links__set_machine_state_addr_soft
                0x0201b88c                system__soft_links__current_master_nt
                0x0201b850                system__soft_links__abort_handler_nt
                0x0201b948                system__soft_links__destroy_tsd
                0x0201ba00                system__soft_links__get_exc_stack_addr_soft
                0x0201b8ac                system__soft_links__get_jmpbuf_address_nt
                0x0201b858                system__soft_links__abort_undefer_nt
                0x0201b924                system__soft_links__create_tsd
                0x0201b8e8                system__soft_links__set_machine_state_addr_nt
                0x0201b8d0                system__soft_links__set_sec_stack_addr_nt
                0x0201b860                system__soft_links__update_exception_nt
                0x0201b900                system__soft_links__set_exc_stack_addr_nt
                0x0201bab4                system__soft_links___init_proc
                0x0201b990                system__soft_links__get_jmpbuf_address_soft
                0x0201b894                system__soft_links__enter_master_nt
                0x0201ba3c                system__soft_links__get_machine_state_addr_soft
                0x0201b9e4                system__soft_links__set_sec_stack_addr_soft
                0x0201b8a4                system__soft_links__task_unlock_nt
                0x0201b96c                system__soft_links__get_gnat_exception
                0x0201b9c8                system__soft_links__get_sec_stack_addr_soft
                0x0201b884                system__soft_links__complete_master_nt
                0x0201b8dc                system__soft_links__get_machine_state_addr_nt
                0x0201b8f4                system__soft_links__get_exc_stack_addr_nt
 .text          0x0201bae0       0x68 /usr/local/openravenscar/lib/gcc-lib/sparc-ork-elf/2.8.1/adalib/libgnat.a(s-traceb.o)
                0x0201baf4                system__traceback__get_code_loc
                0x0201bb1c                system__traceback__pop_frame
                0x0201bb08                system__traceback__free_machine_state
                0x0201bae0                system__traceback__allocate_machine_state
                0x0201bb34                system__traceback__set_machine_state
 .text          0x0201bb48       0xfc /usr/local/openravenscar/lib/gcc-lib/sparc-ork-elf/2.8.1/adalib/libgnat.a(a-argv.o)
                0x0201bc10                fill_env
                0x0201bbb4                env_count
                0x0201bbf0                len_env
                0x0201bb48                arg_count
                0x0201bb54                gnat_argval
                0x0201bb80                fill_arg
                0x0201bb60                len_arg
 .text          0x0201bc44      0x14c /usr/local/openravenscar/lib/gcc-lib/sparc-ork-elf/2.8.1/adalib/libgnat.a(a-cio.o)
                0x0201bc64                put_int
                0x0201bc80                get_char
                0x0201bc44                get_int
                0x0201bd70                put_char_stderr
                0x0201bcd0                put_char
 .text          0x0201bd90        0xc /usr/local/openravenscar/lib/gcc-lib/sparc-ork-elf/2.8.1/adalib/libgnat.a(a-exit.o)
                0x0201bd90                set_gnat_exit_status
 .text          0x0201bd9c      0x1f4 /usr/local/openravenscar/lib/gcc-lib/sparc-ork-elf/2.8.1/adalib/libgnat.a(a-raise.o)
                0x0201bd9c                _gnat_builtin_longjmp
                0x0201bdf4                __gnat_malloc
                0x0201beac                __gnat_free
                0x0201bddc                __gnat_unhandled_terminate
                0x0201bee8                __gnat_realloc
 .text          0x0201bf90      0x410 /usr/local/openravenscar/lib/gcc-lib/sparc-ork-elf/2.8.1/adalib/libgnat.a(a-init.o)
                0x0201c184                __gnat_pop_frame
                0x0201c398                __gnat_init_float
                0x0201bf90                __gnat_set_globals
                0x0201c390                __gnat_get_code_loc
                0x0201bfe8                __gnat_initialize
                0x0201c2d4                __gnat_enter_handler
                0x0201c388                __gnat_machine_state_length
                0x0201c228                __gnat_set_machine_state
 .text          0x0201c3a0        0x8 /usr/local/openravenscar/lib/gcc-lib/sparc-ork-elf/2.8.1/adalib/libgnat.a(a-final.o)
                0x0201c3a0                __gnat_finalize
 .text          0x0201c3a8      0xc1c /usr/local/openravenscar/lib/gcc-lib/sparc-ork-elf/2.8.1/adalib/libgnat.a(s-fatllf.o)
                0x0201c4ac                system__fat_llf__fat_long_long_float__copy_sign
                0x0201c71c                system__fat_llf__fat_long_long_float__gradual_scaling
                0x0201cef0                system__fat_llf__fat_long_long_float__unbiased_rounding
                0x0201c7b4                system__fat_llf__fat_long_long_float__exponent
                0x0201c478                system__fat_llf__fat_long_long_float__compose
                0x0201c7e0                system__fat_llf__fat_long_long_float__floor
                0x0201c3a8                system__fat_llf__fat_long_long_float__adjacent
                0x0201c90c                system__fat_llf__fat_long_long_float__pred
                0x0201c84c                system__fat_llf__fat_long_long_float__fraction
                0x0201c9cc                system__fat_llf__fat_long_long_float__remainder
                0x0201cc14                system__fat_llf__fat_long_long_float__scaling
                0x0201c40c                system__fat_llf__fat_long_long_float__ceiling
                0x0201c510                system__fat_llf__fat_long_long_float__decompose
                0x0201cd3c                system__fat_llf__fat_long_long_float__succ
                0x0201c878                system__fat_llf__fat_long_long_float__leading_part
                0x0201cb7c                system__fat_llf__fat_long_long_float__rounding
                0x0201c8f4                system__fat_llf__fat_long_long_float__model
                0x0201cf9c                system__fat_llf__fat_long_long_float__valid
                0x0201ce2c                system__fat_llf__fat_long_long_float__truncation
                0x0201c8e0                system__fat_llf__fat_long_long_float__machine
 .text          0x0201cfc4      0x18c /usr/local/openravenscar/lib/gcc-lib/sparc-ork-elf/2.8.1/adalib/libgnat.a(s-imgllu.o)
                0x0201cfc4                system__img_llu__image_long_long_unsigned
                0x0201d10c                system__img_llu__set_image_long_long_unsigned
 .text          0x0201d150      0x894 /usr/local/openravenscar/lib/gcc-lib/sparc-ork-elf/2.8.1/adalib/libgnat.a(a-adaint.o)
                0x0201d2e0                get_object_suffix_ptr
                0x0201d28c                Get_Default_Identifier_Character_Set
                0x0201d274                Get_Maximum_File_Name_Length
                0x0201d284                Get_File_Names_Case_Sensitive
                0x0201d4fc                file_time_name
                0x0201d29c                Get_Pathsep_Char
                0x0201d37c                open_read
                0x0201d294                Get_Dirsep_Char
                0x0201d594                is_regular_file
                0x0201d27c                Get_Switch_Character
                0x0201d748                locate_regular_file
                0x0201d998                to_canonical_file_list_next
                0x0201d9c4                to_host_dir_spec
                0x0201d574                __gnat_file_exists
                0x0201d468                __gnat_mkdir
                0x0201d9bc                to_canonical_path_spec
                0x0201d614                is_writable_file
                0x0201d440                open_new_temp
                0x0201d648                portable_spawn
                0x0201d9ac                to_canonical_dir_spec
                0x0201d534                get_env_value_ptr
                0x0201d518                file_time_fd
                0x0201d4f4                readdir_is_thread_safe
                0x0201d418                open_new
                0x0201d150                to_gm_time
                0x0201d1c4                Try_Lock
                0x0201d9b4                to_canonical_file_spec
                0x0201d704                portable_wait
                0x0201d990                to_canonical_file_list_init
                0x0201d9dc                convert_addresses
                0x0201d314                get_executable_suffix_ptr
                0x0201d5d4                is_directory
                0x0201d3f0                open_append
                0x0201d3c8                open_create
                0x0201d3a0                open_rw
                0x0201d480                file_length
                0x0201d4c0                readdir_gnat
                0x0201d9d4                adjust_os_resource_limits
                0x0201d8d4                locate_exec
                0x0201d6c4                portable_no_block_spawn
                0x0201d734                os_exit
                0x0201d568                Get_Libraries_From_Registry
                0x0201d9a4                to_canonical_file_list_free
                0x0201d2a4                Get_Current_Dir
                0x0201d9cc                to_host_file_spec
                0x0201d948                locate_exec_on_path
                0x0201d348                get_debuggable_suffix_ptr
 .text          0x0201d9e4      0x294 /usr/local/openravenscar/sparc-ork-elf/lib/libm.a(s_atan.o)
                0x0201d9e4                atan
 .text          0x0201dc78       0xf0 /usr/local/openravenscar/sparc-ork-elf/lib/libm.a(s_cos.o)
                0x0201dc78                cos
 .text          0x0201dd68       0x2c /usr/local/openravenscar/sparc-ork-elf/lib/libm.a(s_fabs.o)
                0x0201dd68                fabs
 .text          0x0201dd94       0xf0 /usr/local/openravenscar/sparc-ork-elf/lib/libm.a(s_sin.o)
                0x0201dd94                sin
 .text          0x0201de84       0x9c /usr/local/openravenscar/sparc-ork-elf/lib/libm.a(s_tan.o)
                0x0201de84                tan
 .text          0x0201df20      0x134 /usr/local/openravenscar/sparc-ork-elf/lib/libm.a(s_tanh.o)
                0x0201df20                tanh
 .text          0x0201e054       0xf8 /usr/local/openravenscar/sparc-ork-elf/lib/libm.a(w_acos.o)
                0x0201e054                acos
 .text          0x0201e14c       0xf8 /usr/local/openravenscar/sparc-ork-elf/lib/libm.a(w_asin.o)
                0x0201e14c                asin
 .text          0x0201e244      0x1c0 /usr/local/openravenscar/sparc-ork-elf/lib/libm.a(w_exp.o)
                0x0201e244                exp
 .text          0x0201e404      0x184 /usr/local/openravenscar/sparc-ork-elf/lib/libm.a(w_log.o)
                0x0201e404                log
 .text          0x0201e588      0x60c /usr/local/openravenscar/sparc-ork-elf/lib/libm.a(w_pow.o)
                0x0201e588                pow
 .text          0x0201eb94      0x118 /usr/local/openravenscar/sparc-ork-elf/lib/libm.a(w_sqrt.o)
                0x0201eb94                sqrt
 .text          0x0201ecac      0x3ac /usr/local/openravenscar/sparc-ork-elf/lib/libm.a(e_acos.o)
                0x0201ecac                __ieee754_acos
 .text          0x0201f058      0x340 /usr/local/openravenscar/sparc-ork-elf/lib/libm.a(e_asin.o)
                0x0201f058                __ieee754_asin
 .text          0x0201f398      0x2f0 /usr/local/openravenscar/sparc-ork-elf/lib/libm.a(e_exp.o)
                0x0201f398                __ieee754_exp
 .text          0x0201f688      0x310 /usr/local/openravenscar/sparc-ork-elf/lib/libm.a(e_log.o)
                0x0201f688                __ieee754_log
 .text          0x0201f998      0x99c /usr/local/openravenscar/sparc-ork-elf/lib/libm.a(e_pow.o)
                0x0201f998                __ieee754_pow
 .text          0x02020334      0x3d8 /usr/local/openravenscar/sparc-ork-elf/lib/libm.a(e_rem_pio2.o)
                0x02020334                __ieee754_rem_pio2
 .text          0x0202070c      0x264 /usr/local/openravenscar/sparc-ork-elf/lib/libm.a(e_sqrt.o)
                0x0202070c                __ieee754_sqrt
 .text          0x02020970      0x17c /usr/local/openravenscar/sparc-ork-elf/lib/libm.a(k_cos.o)
                0x02020970                __kernel_cos
 .text          0x02020aec      0x838 /usr/local/openravenscar/sparc-ork-elf/lib/libm.a(k_rem_pio2.o)
                0x02020aec                __kernel_rem_pio2
 .text          0x02021324      0x11c /usr/local/openravenscar/sparc-ork-elf/lib/libm.a(k_sin.o)
                0x02021324                __kernel_sin
 .text          0x02021440      0x2b4 /usr/local/openravenscar/sparc-ork-elf/lib/libm.a(k_tan.o)
                0x02021440                __kernel_tan
 .text          0x020216f4      0x40c /usr/local/openravenscar/sparc-ork-elf/lib/libm.a(s_expm1.o)
                0x020216f4                expm1
 .text          0x02021b00       0x18 /usr/local/openravenscar/sparc-ork-elf/lib/libm.a(s_finite.o)
                0x02021b00                finite
 .text          0x02021b18      0x1a0 /usr/local/openravenscar/sparc-ork-elf/lib/libm.a(s_floor.o)
                0x02021b18                floor
 .text          0x02021cb8       0x28 /usr/local/openravenscar/sparc-ork-elf/lib/libm.a(s_isnan.o)
                0x02021cb8                isnan
 .text          0x02021ce0        0x8 /usr/local/openravenscar/sparc-ork-elf/lib/libm.a(s_matherr.o)
                0x02021ce0                matherr
 .text          0x02021ce8      0x1c8 /usr/local/openravenscar/sparc-ork-elf/lib/libm.a(s_rint.o)
                0x02021ce8                rint
 .text          0x02021eb0      0x1d8 /usr/local/openravenscar/sparc-ork-elf/lib/libm.a(s_scalbn.o)
                0x02021eb0                scalbn
 .text          0x02022088       0x40 /usr/local/openravenscar/sparc-ork-elf/lib/libm.a(s_copysign.o)
                0x02022088                copysign
 .text          0x020220c8        0x8 /usr/local/openravenscar/lib/gcc-lib/sparc-ork-elf/2.8.1/libgcc.a(__dummy.o)
                0x020220c8                __dummy
 .text          0x020220d0       0x48 /usr/local/openravenscar/lib/gcc-lib/sparc-ork-elf/2.8.1/libgcc.a(_ashldi3.o)
                0x020220d0                __ashldi3
 .text          0x02022118       0x38 /usr/local/openravenscar/lib/gcc-lib/sparc-ork-elf/2.8.1/libgcc.a(_cmpdi2.o)
                0x02022118                __cmpdi2
 .text          0x02022150      0x3c0 /usr/local/openravenscar/lib/gcc-lib/sparc-ork-elf/2.8.1/libgcc.a(_divdi3.o)
                0x02022150                __divdi3
 .text          0x02022510      0x1f4 /usr/local/openravenscar/lib/gcc-lib/sparc-ork-elf/2.8.1/libgcc.a(_divsi3.o)
                0x02022510                udiv
                0x0202251c                div
 .text          0x02022704       0x58 /usr/local/openravenscar/lib/gcc-lib/sparc-ork-elf/2.8.1/libgcc.a(_fixsfdi.o)
                0x02022704                __fixsfdi
 .text          0x0202275c      0x1c0 /usr/local/openravenscar/lib/gcc-lib/sparc-ork-elf/2.8.1/libgcc.a(_fixunsdfdi.o)
                0x0202275c                __fixunsdfdi
 .text          0x0202291c      0x1c8 /usr/local/openravenscar/lib/gcc-lib/sparc-ork-elf/2.8.1/libgcc.a(_fixunssfdi.o)
                0x0202291c                __fixunssfdi
 .text          0x02022ae4       0x54 /usr/local/openravenscar/lib/gcc-lib/sparc-ork-elf/2.8.1/libgcc.a(_floatdidf.o)
                0x02022ae4                __floatdidf
 .text          0x02022b38       0xa8 /usr/local/openravenscar/lib/gcc-lib/sparc-ork-elf/2.8.1/libgcc.a(_floatdisf.o)
                0x02022b38                __floatdisf
 .text          0x02022be0       0x48 /usr/local/openravenscar/lib/gcc-lib/sparc-ork-elf/2.8.1/libgcc.a(_lshrdi3.o)
                0x02022be0                __lshrdi3
 .text          0x02022c28      0x1f4 /usr/local/openravenscar/lib/gcc-lib/sparc-ork-elf/2.8.1/libgcc.a(_modsi3.o)
                0x02022c28                urem
                0x02022c34                rem
 .text          0x02022e1c       0xe0 /usr/local/openravenscar/lib/gcc-lib/sparc-ork-elf/2.8.1/libgcc.a(_muldi3.o)
                0x02022e1c                __muldi3
 .text          0x02022efc       0xe8 /usr/local/openravenscar/lib/gcc-lib/sparc-ork-elf/2.8.1/libgcc.a(_mulsi3.o)
                0x02022efc                umul
 .text          0x02022fe4      0x340 /usr/local/openravenscar/lib/gcc-lib/sparc-ork-elf/2.8.1/libgcc.a(_udivdi3.o)
                0x02022fe4                __udivdi3
 .text          0x02023324      0x39c /usr/local/openravenscar/lib/gcc-lib/sparc-ork-elf/2.8.1/libgcc.a(_umoddi3.o)
                0x02023324                __umoddi3
 .text          0x020236c0      0xa48 /usr/local/openravenscar/lib/gcc-lib/sparc-ork-elf/2.8.1/libgcc.a(frame.o)
                0x02023fe4                __frame_state_for
                0x02023f7c                __deregister_frame_info
                0x02023f54                __register_frame_info_table
                0x02023f2c                __register_frame_info
 .text          0x02024108       0x20 /usr/local/openravenscar/sparc-ork-elf/lib/libc.a(abort.o)
                0x02024108                abort
 .text          0x02024128       0x1c /usr/local/openravenscar/sparc-ork-elf/lib/libc.a(atoi.o)
                0x02024128                atoi
 .text          0x02024144        0xc /usr/local/openravenscar/sparc-ork-elf/lib/libc.a(errno.o)
                0x02024144                __errno
 .text          0x02024150       0x8c /usr/local/openravenscar/sparc-ork-elf/lib/libc.a(exit.o)
                0x02024150                exit
 .text          0x020241dc       0x90 /usr/local/openravenscar/sparc-ork-elf/lib/libc.a(fputc.o)
                0x020241dc                fputc
 .text          0x0202426c       0x40 /usr/local/openravenscar/sparc-ork-elf/lib/libc.a(getenv.o)
                0x0202428c                getenv
                0x0202426c                _findenv
 .text          0x020242ac      0x100 /usr/local/openravenscar/sparc-ork-elf/lib/libc.a(getenv_r.o)
                0x020242ac                _findenv_r
                0x02024390                _getenv_r
 .text          0x020243ac       0x1c /usr/local/openravenscar/sparc-ork-elf/lib/libc.a(gmtime.o)
                0x020243ac                gmtime
 .text          0x020243c8       0x20 /usr/local/openravenscar/sparc-ork-elf/lib/libc.a(lcltime.o)
                0x020243c8                localtime
 .text          0x020243e8      0x21c /usr/local/openravenscar/sparc-ork-elf/lib/libc.a(lcltime_r.o)
                0x020243e8                localtime_r
 .text          0x02024604       0x38 /usr/local/openravenscar/sparc-ork-elf/lib/libc.a(malloc.o)
                0x02024604                malloc
                0x02024620                free
 .text          0x0202463c      0x774 /usr/local/openravenscar/sparc-ork-elf/lib/libc.a(mallocr.o)
                0x02024808                _malloc_r
 .text          0x02024db0       0x80 /usr/local/openravenscar/sparc-ork-elf/lib/libc.a(memcmp.o)
                0x02024db0                memcmp
 .text          0x02024e30       0xc4 /usr/local/openravenscar/sparc-ork-elf/lib/libc.a(memcpy.o)
                0x02024e30                memcpy
 .text          0x02024ef4       0xa4 /usr/local/openravenscar/sparc-ork-elf/lib/libc.a(memset.o)
                0x02024ef4                memset
 .text          0x02024f98       0x10 /usr/local/openravenscar/sparc-ork-elf/lib/libc.a(mlock.o)
                0x02024fa0                __malloc_unlock
                0x02024f98                __malloc_lock
 .text          0x02024fa8       0x70 /usr/local/openravenscar/sparc-ork-elf/lib/libc.a(printf.o)
                0x02024fd8                printf
                0x02024fa8                _printf_r
 .text          0x02025018       0x20 /usr/local/openravenscar/sparc-ork-elf/lib/libc.a(realloc.o)
                0x02025018                realloc
 .text          0x02025038      0x50c /usr/local/openravenscar/sparc-ork-elf/lib/libc.a(reallocr.o)
                0x02025038                _realloc_r
 .text          0x02025544       0x40 /usr/local/openravenscar/sparc-ork-elf/lib/libc.a(rget.o)
                0x02025544                __srget
 .text          0x02025584       0x34 /usr/local/openravenscar/sparc-ork-elf/lib/libc.a(sbrkr.o)
                0x02025584                _sbrk_r
 .text          0x020255b8       0x64 /usr/local/openravenscar/sparc-ork-elf/lib/libc.a(scanf.o)
                0x020255f0                _scanf_r
                0x020255b8                scanf
 .text          0x0202561c      0x24c /usr/local/openravenscar/sparc-ork-elf/lib/libc.a(signal.o)
                0x02025678                _signal_r
                0x020256d4                _raise_r
                0x02025770                __sigtramp_r
                0x02025814                signal
                0x02025834                _init_signal
                0x0202561c                _init_signal_r
                0x0202584c                __sigtramp
                0x020257f8                raise
 .text          0x02025868       0x4c /usr/local/openravenscar/sparc-ork-elf/lib/libc.a(signalr.o)
                0x02025868                _kill_r
                0x020258a0                _getpid_r
 .text          0x020258b4       0xb4 /usr/local/openravenscar/sparc-ork-elf/lib/libc.a(sprintf.o)
                0x020258b4                _sprintf_r
                0x02025908                sprintf
 .text          0x02025968       0x8c /usr/local/openravenscar/sparc-ork-elf/lib/libc.a(strcat.o)
                0x02025968                strcat
 .text          0x020259f4       0xb8 /usr/local/openravenscar/sparc-ork-elf/lib/libc.a(strcmp.o)
                0x020259f4                strcmp
 .text          0x02025aac       0x8c /usr/local/openravenscar/sparc-ork-elf/lib/libc.a(strcpy.o)
                0x02025aac                strcpy
 .text          0x02025b38       0x78 /usr/local/openravenscar/sparc-ork-elf/lib/libc.a(strlen.o)
                0x02025b38                strlen
 .text          0x02025bb0       0xcc /usr/local/openravenscar/sparc-ork-elf/lib/libc.a(strncmp.o)
                0x02025bb0                strncmp
 .text          0x02025c7c       0xd4 /usr/local/openravenscar/sparc-ork-elf/lib/libc.a(strncpy.o)
                0x02025c7c                strncpy
 .text          0x02025d50       0x68 /usr/local/openravenscar/sparc-ork-elf/lib/libc.a(strstr.o)
                0x02025d50                strstr
 .text          0x02025db8      0x1f8 /usr/local/openravenscar/sparc-ork-elf/lib/libc.a(strtol.o)
                0x02025f8c                strtol
                0x02025db8                _strtol_r
 .text          0x02025fb0     0x19c4 /usr/local/openravenscar/sparc-ork-elf/lib/libc.a(vfprintf.o)
                0x020260b4                _vfprintf_r
                0x02026094                vfprintf
 .text          0x02027974      0xf30 /usr/local/openravenscar/sparc-ork-elf/lib/libc.a(vfscanf.o)
                0x02027974                __svfscanf
                0x020287c4                __sccl
 .text          0x020288a4      0x10c /usr/local/openravenscar/sparc-ork-elf/lib/libc.a(wbuf.o)
                0x020288a4                __swbuf
 .text          0x020289b0      0x10c /usr/local/openravenscar/sparc-ork-elf/lib/libc.a(wsetup.o)
                0x020289b0                __swsetup
 .text          0x02028abc       0x18 /usr/local/openravenscar/sparc-ork-elf/lib/libc.a(atof.o)
                0x02028abc                atof
 .text          0x02028ad4     0x1250 /usr/local/openravenscar/sparc-ork-elf/lib/libc.a(dtoa.o)
                0x02028cc0                _dtoa_r
 .text          0x02029d24       0x10 /usr/local/openravenscar/sparc-ork-elf/lib/libc.a(envlock.o)
                0x02029d2c                __env_unlock
                0x02029d24                __env_lock
 .text          0x02029d34       0xf0 /usr/local/openravenscar/sparc-ork-elf/lib/libc.a(fflush.o)
                0x02029d34                fflush
 .text          0x02029e24      0x228 /usr/local/openravenscar/sparc-ork-elf/lib/libc.a(findfp.o)
                0x02029fdc                __sinit
                0x02029e80                __sfmoreglue
                0x02029fc4                _cleanup
                0x02029fa8                _cleanup_r
                0x02029ed8                __sfp
 .text          0x0202a04c       0xcc /usr/local/openravenscar/sparc-ork-elf/lib/libc.a(fread.o)
                0x0202a04c                fread
 .text          0x0202a118      0x3c0 /usr/local/openravenscar/sparc-ork-elf/lib/libc.a(freer.o)
                0x0202a118                _free_r
                0x0202a3b4                _malloc_trim_r
 .text          0x0202a4d8      0x380 /usr/local/openravenscar/sparc-ork-elf/lib/libc.a(fvwrite.o)
                0x0202a4d8                __sfvwrite
 .text          0x0202a858       0x60 /usr/local/openravenscar/sparc-ork-elf/lib/libc.a(fwalk.o)
                0x0202a858                _fwalk
 .text          0x0202a8b8       0xa4 /usr/local/openravenscar/sparc-ork-elf/lib/libc.a(locale.o)
                0x0202a8b8                _setlocale_r
                0x0202a918                _localeconv_r
                0x0202a924                setlocale
                0x0202a944                localeconv
 .text          0x0202a95c      0x144 /usr/local/openravenscar/sparc-ork-elf/lib/libc.a(makebuf.o)
                0x0202a95c                __smakebuf
 .text          0x0202aaa0       0x58 /usr/local/openravenscar/sparc-ork-elf/lib/libc.a(mbtowc_r.o)
                0x0202aaa0                _mbtowc_r
 .text          0x0202aaf8       0xd4 /usr/local/openravenscar/sparc-ork-elf/lib/libc.a(memchr.o)
                0x0202aaf8                memchr
 .text          0x0202abcc      0x110 /usr/local/openravenscar/sparc-ork-elf/lib/libc.a(memmove.o)
                0x0202abcc                memmove
 .text          0x0202acdc      0xd14 /usr/local/openravenscar/sparc-ork-elf/lib/libc.a(mprec.o)
                0x0202b9a4                _mprec_log10
                0x0202af50                _hi0bits
                0x0202acdc                _Balloc
                0x0202b7e0                _d2b
                0x0202b0c0                _multiply
                0x0202b914                _ratio
                0x0202ae90                _s2b
                0x0202b09c                _i2b
                0x0202afd0                _lo0bits
                0x0202b490                __mcmp
                0x0202b2ac                _pow5mult
                0x0202b654                _ulp
                0x0202b6e0                _b2d
                0x0202adac                _multadd
                0x0202b4f8                __mdiff
                0x0202b394                _lshift
                0x0202ad74                _Bfree
 .text          0x0202b9f0      0x19c /usr/local/openravenscar/sparc-ork-elf/lib/libc.a(refill.o)
                0x0202ba04                __srefill
 .text          0x0202bb8c       0x38 /usr/local/openravenscar/sparc-ork-elf/lib/libc.a(s_isinf.o)
                0x0202bb8c                isinf
 .text          0x0202bbc4      0x104 /usr/local/openravenscar/sparc-ork-elf/lib/libc.a(stdio.o)
                0x0202bc60                __sseek
                0x0202bbc4                __sread
                0x0202bcb0                __sclose
                0x0202bc10                __swrite
 .text          0x0202bcc8      0xedc /usr/local/openravenscar/sparc-ork-elf/lib/libc.a(strtod.o)
                0x0202bcc8                _strtod_r
                0x0202cb88                strtodf
                0x0202cb68                strtod
 .text          0x0202cba4      0x1d8 /usr/local/openravenscar/sparc-ork-elf/lib/libc.a(strtoul.o)
                0x0202cd58                strtoul
                0x0202cba4                _strtoul_r
 .text          0x0202cd7c      0x228 /usr/local/openravenscar/sparc-ork-elf/lib/libc.a(ungetc.o)
                0x0202ce2c                ungetc
                0x0202cd7c                __submore
 .text          0x0202cfa4       0x3c /usr/local/openravenscar/sparc-ork-elf/lib/libc.a(writer.o)
                0x0202cfa4                _write_r
 .text          0x0202cfe0       0xa8 /usr/local/openravenscar/sparc-ork-elf/lib/libc.a(callocr.o)
                0x0202cfe0                _calloc_r
 .text          0x0202d088       0x34 /usr/local/openravenscar/sparc-ork-elf/lib/libc.a(closer.o)
                0x0202d088                _close_r
 .text          0x0202d0bc       0x38 /usr/local/openravenscar/sparc-ork-elf/lib/libc.a(fstatr.o)
                0x0202d0bc                _fstat_r
 .text          0x0202d0f4       0x3c /usr/local/openravenscar/sparc-ork-elf/lib/libc.a(lseekr.o)
                0x0202d0f4                _lseek_r
 .text          0x0202d130       0x3c /usr/local/openravenscar/sparc-ork-elf/lib/libc.a(readr.o)
                0x0202d130                _read_r
 .text          0x0202d16c      0x134 /usr/local/openravenscar/sparc-ork-elf/lib/libork.a(ada_exceptions.o)
                0x0202d16c                Instruction_Access_Exception
                0x0202d248                Division_By_Zero
                0x0202d21c                Stack_Overflow
                0x0202d198                Illegal_Instruction
                0x0202d274                Integer_Overflow
                0x0202d1f0                FP_Exception
                0x0202d1c4                Address_Not_Aligned
 .text          0x0202d2a0       0x1c /usr/local/openravenscar/sparc-ork-elf/lib/libork.a(close.o)
                0x0202d2a0                close
 .text          0x0202d2bc       0x30 /usr/local/openravenscar/sparc-ork-elf/lib/libork.a(execv.o)
                0x0202d2bc                execv
 .text          0x0202d2ec       0x28 /usr/local/openravenscar/sparc-ork-elf/lib/libork.a(fork.o)
                0x0202d2ec                fork
 .text          0x0202d314       0x30 /usr/local/openravenscar/sparc-ork-elf/lib/libork.a(fstat.o)
                0x0202d314                fstat
 .text          0x0202d344       0x30 /usr/local/openravenscar/sparc-ork-elf/lib/libork.a(getcwd.o)
                0x0202d344                getcwd
 .text          0x0202d374       0x30 /usr/local/openravenscar/sparc-ork-elf/lib/libork.a(getpid.o)
                0x0202d374                getpid
                0x0202d38c                getppid
 .text          0x0202d3a4       0x84 /usr/local/openravenscar/sparc-ork-elf/lib/libork.a(isatty.o)
                0x0202d3a4                isatty
 .text          0x0202d428       0x3c /usr/local/openravenscar/sparc-ork-elf/lib/libork.a(kill.o)
                0x0202d428                kill
 .text          0x0202d464       0x30 /usr/local/openravenscar/sparc-ork-elf/lib/libork.a(link.o)
                0x0202d464                link
 .text          0x0202d494       0x34 /usr/local/openravenscar/sparc-ork-elf/lib/libork.a(lseek.o)
                0x0202d494                lseek
 .text          0x0202d4c8       0x34 /usr/local/openravenscar/sparc-ork-elf/lib/libork.a(open.o)
                0x0202d4c8                open
 .text          0x0202d4fc      0x148 /usr/local/openravenscar/sparc-ork-elf/lib/libork.a(read.o)
                0x0202d4fc                read
 .text          0x0202d644       0x34 /usr/local/openravenscar/sparc-ork-elf/lib/libork.a(readdir.o)
                0x0202d644                readdir
 .text          0x0202d678       0x20 /usr/local/openravenscar/sparc-ork-elf/lib/libork.a(mkdir.o)
                0x0202d678                mkdir
 .text          0x0202d698       0xb0 /usr/local/openravenscar/sparc-ork-elf/lib/libork.a(sbrk.o)
                0x0202d698                sbrk
 .text          0x0202d748       0x30 /usr/local/openravenscar/sparc-ork-elf/lib/libork.a(stat.o)
                0x0202d748                stat
 .text          0x0202d778       0x2c /usr/local/openravenscar/sparc-ork-elf/lib/libork.a(unlink.o)
                0x0202d778                unlink
 .text          0x0202d7a4       0x2c /usr/local/openravenscar/sparc-ork-elf/lib/libork.a(wait.o)
                0x0202d7a4                wait
 .text          0x0202d7d0       0xec /usr/local/openravenscar/sparc-ork-elf/lib/libork.a(write.o)
                0x0202d7d0                write
 *fill*         0x0202d8bc        0x4
                0x0202d8c0                .=ALIGN(0x10)
 *(.eh_frame)
 .eh_frame      0x0202d8c0      0x11c /usr/local/openravenscar/lib/gcc-lib/sparc-ork-elf/2.8.1/adalib/libgnat.a(a-init.o)
 .eh_frame      0x0202d9dc       0x24 /usr/local/openravenscar/lib/gcc-lib/sparc-ork-elf/2.8.1/libgcc.a(__dummy.o)
 .eh_frame      0x0202da00       0x24 /usr/local/openravenscar/lib/gcc-lib/sparc-ork-elf/2.8.1/libgcc.a(_ashldi3.o)
 .eh_frame      0x0202da24       0x24 /usr/local/openravenscar/lib/gcc-lib/sparc-ork-elf/2.8.1/libgcc.a(_cmpdi2.o)
 .eh_frame      0x0202da48       0x2c /usr/local/openravenscar/lib/gcc-lib/sparc-ork-elf/2.8.1/libgcc.a(_divdi3.o)
 .eh_frame      0x0202da74       0x2c /usr/local/openravenscar/lib/gcc-lib/sparc-ork-elf/2.8.1/libgcc.a(_fixsfdi.o)
 .eh_frame      0x0202daa0       0x2c /usr/local/openravenscar/lib/gcc-lib/sparc-ork-elf/2.8.1/libgcc.a(_fixunsdfdi.o)
 .eh_frame      0x0202dacc       0x2c /usr/local/openravenscar/lib/gcc-lib/sparc-ork-elf/2.8.1/libgcc.a(_fixunssfdi.o)
 .eh_frame      0x0202daf8       0x28 /usr/local/openravenscar/lib/gcc-lib/sparc-ork-elf/2.8.1/libgcc.a(_floatdidf.o)
 .eh_frame      0x0202db20       0x28 /usr/local/openravenscar/lib/gcc-lib/sparc-ork-elf/2.8.1/libgcc.a(_floatdisf.o)
 .eh_frame      0x0202db48       0x24 /usr/local/openravenscar/lib/gcc-lib/sparc-ork-elf/2.8.1/libgcc.a(_lshrdi3.o)
 .eh_frame      0x0202db6c       0x2c /usr/local/openravenscar/lib/gcc-lib/sparc-ork-elf/2.8.1/libgcc.a(_muldi3.o)
 .eh_frame      0x0202db98       0x2c /usr/local/openravenscar/lib/gcc-lib/sparc-ork-elf/2.8.1/libgcc.a(_udivdi3.o)
 .eh_frame      0x0202dbc4       0x2c /usr/local/openravenscar/lib/gcc-lib/sparc-ork-elf/2.8.1/libgcc.a(_umoddi3.o)
 .eh_frame      0x0202dbf0      0x11c /usr/local/openravenscar/lib/gcc-lib/sparc-ork-elf/2.8.1/libgcc.a(frame.o)
 *fill*         0x0202dd0c        0x4
                0x0202dd10                .=ALIGN(0x10)
 *(.rodata)
 .rodata        0x0202dd10      0x23c ./devices.o
 *fill*         0x0202df4c        0x4
 .rodata        0x0202df50       0x4c ./workload.o
 *fill*         0x0202df9c        0x4
 .rodata        0x0202dfa0       0x52 ./tools.o
 *fill*         0x0202dff2        0x6
 .rodata        0x0202dff8       0xfa ./add.o
 *fill*         0x0202e0f2        0x2
 .rodata        0x0202e0f4        0x8 /usr/local/openravenscar/lib/gcc-lib/sparc-ork-elf/2.8.1/adalib/libgnarl.a(a-reatim.o)
 .rodata        0x0202e0fc        0x8 /usr/local/openravenscar/lib/gcc-lib/sparc-ork-elf/2.8.1/adalib/libgnarl.a(a-retide.o)
 *fill*         0x0202e104        0x4
 .rodata        0x0202e108       0x24 /usr/local/openravenscar/lib/gcc-lib/sparc-ork-elf/2.8.1/adalib/libgnarl.a(s-taprob.o)
 *fill*         0x0202e12c        0x4
 .rodata        0x0202e130       0xd0 /usr/local/openravenscar/lib/gcc-lib/sparc-ork-elf/2.8.1/adalib/libgnarl.a(s-taprop.o)
 .rodata        0x0202e200       0x50 /usr/local/openravenscar/lib/gcc-lib/sparc-ork-elf/2.8.1/adalib/libgnarl.a(s-tarest.o)
 .rodata        0x0202e250      0x14a /usr/local/openravenscar/lib/gcc-lib/sparc-ork-elf/2.8.1/adalib/libgnarl.a(s-tasdeb.o)
 *fill*         0x0202e39a        0x2
 .rodata        0x0202e39c      0x300 /usr/local/openravenscar/lib/gcc-lib/sparc-ork-elf/2.8.1/adalib/libgnarl.a(s-taskin.o)
 .rodata        0x0202e69c        0x8 /usr/local/openravenscar/lib/gcc-lib/sparc-ork-elf/2.8.1/adalib/libgnarl.a(kernel-interrupts.o)
 .rodata        0x0202e6a4        0x4 /usr/local/openravenscar/lib/gcc-lib/sparc-ork-elf/2.8.1/adalib/libgnarl.a(kernel-threads-queues.o)
 .rodata        0x0202e6a8       0x7c /usr/local/openravenscar/lib/gcc-lib/sparc-ork-elf/2.8.1/adalib/libgnarl.a(kernel-peripherals.o)
 *fill*         0x0202e724        0x4
 .rodata        0x0202e728      0x184 /usr/local/openravenscar/lib/gcc-lib/sparc-ork-elf/2.8.1/adalib/libgnat.a(a-except.o)
 *fill*         0x0202e8ac        0x4
 .rodata        0x0202e8b0        0xd /usr/local/openravenscar/lib/gcc-lib/sparc-ork-elf/2.8.1/adalib/libgnat.a(a-finali.o)
 *fill*         0x0202e8bd        0x3
 .rodata        0x0202e8c0      0x82c /usr/local/openravenscar/lib/gcc-lib/sparc-ork-elf/2.8.1/adalib/libgnat.a(a-nuelfu.o)
 *fill*         0x0202f0ec        0x4
 .rodata        0x0202f0f0       0x42 /usr/local/openravenscar/lib/gcc-lib/sparc-ork-elf/2.8.1/adalib/libgnat.a(a-tags.o)
 *fill*         0x0202f132        0x6
 .rodata        0x0202f138        0xd /usr/local/openravenscar/lib/gcc-lib/sparc-ork-elf/2.8.1/adalib/libgnat.a(g-except.o)
 *fill*         0x0202f145        0x3
 .rodata        0x0202f148       0xab /usr/local/openravenscar/lib/gcc-lib/sparc-ork-elf/2.8.1/adalib/libgnat.a(i-c.o)
 *fill*         0x0202f1f3        0x5
 .rodata        0x0202f1f8       0x24 /usr/local/openravenscar/lib/gcc-lib/sparc-ork-elf/2.8.1/adalib/libgnat.a(s-arit64.o)
 *fill*         0x0202f21c        0x4
 .rodata        0x0202f220        0x5 /usr/local/openravenscar/lib/gcc-lib/sparc-ork-elf/2.8.1/adalib/libgnat.a(s-exctab.o)
 *fill*         0x0202f225        0x3
 .rodata        0x0202f228       0x40 /usr/local/openravenscar/lib/gcc-lib/sparc-ork-elf/2.8.1/adalib/libgnat.a(s-exnflt.o)
 .rodata        0x0202f268       0xd0 /usr/local/openravenscar/lib/gcc-lib/sparc-ork-elf/2.8.1/adalib/libgnat.a(s-fatflt.o)
                0x0202f2a0                system__fat_flt__fat_float__r_neg_power
                0x0202f268                system__fat_flt__fat_float__log_power
                0x0202f284                system__fat_flt__fat_float__r_power
 .rodata        0x0202f338       0x68 /usr/local/openravenscar/lib/gcc-lib/sparc-ork-elf/2.8.1/adalib/libgnat.a(s-finimp.o)
 .rodata        0x0202f3a0       0x47 /usr/local/openravenscar/lib/gcc-lib/sparc-ork-elf/2.8.1/adalib/libgnat.a(s-finroo.o)
 *fill*         0x0202f3e7        0x1
 .rodata        0x0202f3e8        0x8 /usr/local/openravenscar/lib/gcc-lib/sparc-ork-elf/2.8.1/adalib/libgnat.a(s-imgint.o)