Archive member included       because of file (symbol)

/usr/local/openravenscar/lib/gcc-lib/sparc-ork-elf/2.8.1/adalib/libgnarl.a(a-reatim.o)
                              ./devices.o (ada__real_time__clock)
/usr/local/openravenscar/lib/gcc-lib/sparc-ork-elf/2.8.1/adalib/libgnarl.a(a-retide.o)
                              ./add.o (ada__real_time__delays__delay_until)
/usr/local/openravenscar/lib/gcc-lib/sparc-ork-elf/2.8.1/adalib/libgnarl.a(s-taprob.o)
                              ./devices.o (system__tasking__protected_objects__initialize_protection)
/usr/local/openravenscar/lib/gcc-lib/sparc-ork-elf/2.8.1/adalib/libgnarl.a(s-taprop.o)
                              /usr/local/openravenscar/lib/gcc-lib/sparc-ork-elf/2.8.1/adalib/libgnarl.a(a-retide.o) (system__task_primitives__operations__self)
/usr/local/openravenscar/lib/gcc-lib/sparc-ork-elf/2.8.1/adalib/libgnarl.a(s-tarest.o)
                              ./add.o (system__tasking__restricted__stages__create_restricted_task)
/usr/local/openravenscar/lib/gcc-lib/sparc-ork-elf/2.8.1/adalib/libgnarl.a(s-tasdeb.o)
                              b~main.o (system__tasking__debug___elabs)
/usr/local/openravenscar/lib/gcc-lib/sparc-ork-elf/2.8.1/adalib/libgnarl.a(s-taskin.o)
                              /usr/local/openravenscar/lib/gcc-lib/sparc-ork-elf/2.8.1/adalib/libgnarl.a(s-tasdeb.o) (system__tasking__task_statesT)
/usr/local/openravenscar/lib/gcc-lib/sparc-ork-elf/2.8.1/adalib/libgnarl.a(s-taspri.o)
                              /usr/local/openravenscar/lib/gcc-lib/sparc-ork-elf/2.8.1/adalib/libgnarl.a(s-taskin.o) (system__task_primitives___init_proc)
/usr/local/openravenscar/lib/gcc-lib/sparc-ork-elf/2.8.1/adalib/libgnarl.a(kernel-interrupts.o)
                              b~main.o (kernel__interrupts___elabb)
/usr/local/openravenscar/lib/gcc-lib/sparc-ork-elf/2.8.1/adalib/libgnarl.a(kernel-threads.o)
                              b~main.o (kernel__threads___elabs)
/usr/local/openravenscar/lib/gcc-lib/sparc-ork-elf/2.8.1/adalib/libgnarl.a(kernel-threads-atcb.o)
                              /usr/local/openravenscar/lib/gcc-lib/sparc-ork-elf/2.8.1/adalib/libgnarl.a(s-taprop.o) (kernel__threads__atcb__set_atcb)
/usr/local/openravenscar/lib/gcc-lib/sparc-ork-elf/2.8.1/adalib/libgnarl.a(kernel-threads-queues.o)
                              /usr/local/openravenscar/lib/gcc-lib/sparc-ork-elf/2.8.1/adalib/libgnarl.a(s-taprop.o) (running_thread)
/usr/local/openravenscar/lib/gcc-lib/sparc-ork-elf/2.8.1/adalib/libgnarl.a(kernel-threads-protection.o)
                              /usr/local/openravenscar/lib/gcc-lib/sparc-ork-elf/2.8.1/adalib/libgnarl.a(kernel-threads.o) (kernel__threads__protection__dispatch)
/usr/local/openravenscar/lib/gcc-lib/sparc-ork-elf/2.8.1/adalib/libgnarl.a(kernel-time.o)
                              /usr/local/openravenscar/lib/gcc-lib/sparc-ork-elf/2.8.1/adalib/libgnarl.a(s-taprop.o) (kernel_clock)
/usr/local/openravenscar/lib/gcc-lib/sparc-ork-elf/2.8.1/adalib/libgnarl.a(kernel-memory.o)
                              /usr/local/openravenscar/sparc-ork-elf/lib/ada_crt0.o (environment_stack)
/usr/local/openravenscar/lib/gcc-lib/sparc-ork-elf/2.8.1/adalib/libgnarl.a(kernel-cpu_primitives.o)
                              /usr/local/openravenscar/lib/gcc-lib/sparc-ork-elf/2.8.1/adalib/libgnarl.a(kernel-threads-protection.o) (kernel__cpu_primitives__context_switch)
/usr/local/openravenscar/lib/gcc-lib/sparc-ork-elf/2.8.1/adalib/libgnarl.a(kernel-peripherals-registers.o)
                              b~main.o (kernel__peripherals__registers___elabs)
/usr/local/openravenscar/lib/gcc-lib/sparc-ork-elf/2.8.1/adalib/libgnarl.a(kernel-peripherals.o)
                              /usr/local/openravenscar/lib/gcc-lib/sparc-ork-elf/2.8.1/adalib/libgnarl.a(kernel-interrupts.o) (kernel__peripherals__to_vector)
/usr/local/openravenscar/lib/gcc-lib/sparc-ork-elf/2.8.1/adalib/libgnarl.a(kernel-serial_output.o)
                              ./devices.o (kernel__serial_output__put__2)
/usr/local/openravenscar/lib/gcc-lib/sparc-ork-elf/2.8.1/adalib/libgnarl.a(context.o)
                              /usr/local/openravenscar/sparc-ork-elf/lib/ada_crt0.o (context_trap)
/usr/local/openravenscar/lib/gcc-lib/sparc-ork-elf/2.8.1/adalib/libgnarl.a(install_handler.o)
                              /usr/local/openravenscar/sparc-ork-elf/lib/ada_crt0.o (FP_Save_Pending)
/usr/local/openravenscar/lib/gcc-lib/sparc-ork-elf/2.8.1/adalib/libgnarl.a(int_level.o)
                              /usr/local/openravenscar/lib/gcc-lib/sparc-ork-elf/2.8.1/adalib/libgnarl.a(kernel-threads-protection.o) (disable_interrupts)
/usr/local/openravenscar/lib/gcc-lib/sparc-ork-elf/2.8.1/adalib/libgnat.a(a-except.o)
                              b~main.o (ada__exceptions___elabs)
/usr/local/openravenscar/lib/gcc-lib/sparc-ork-elf/2.8.1/adalib/libgnat.a(a-filico.o)
                              b~main.o (ada__finalization__list_controller___elabs)
[...]
Memory Configuration

Name             Origin             Length             Attributes
rom              0x00000000         0x00200000         xr
ram              0x02000000         0x003f8000         xrw
*default*        0x00000000         0xffffffff

Linker script and memory map

                0x00200000                PROM_SIZE=0x200000
                0x00400000                RAM_SIZE=0x400000
                0x00000000                PROM_START=0x0
                0x00200000                PROM_END=(PROM_START+PROM_SIZE)
                0x02000000                RAM_START=0x2000000
                0x02400000                RAM_END=(RAM_START+RAM_SIZE)

.text           0x02000000    0x305a0
 CREATE_OBJECT_SYMBOLS
                0x02000000                text_start=.
 *(.text)
 .text          0x02000000     0x1384 /usr/local/openravenscar/sparc-ork-elf/lib/ada_crt0.o
                0x020011bc                __exit
                0x02000000                trap_table
                0x02000000                start
                0x020011bc                _exit
 .text          0x02001384      0x24c b~main.o
                0x020015b8                ada_main___elabb
                0x02001384                adainit
                0x02001538                main
                0x0200151c                adafinal
 .text          0x020015d0       0x1c ./main.o
                0x020015d0                _ada_main
 .text          0x020015ec     0x50d8 ./devices.o
                0x02004c48                devices___init_proc__6
                0x020058f8                devices__display_distance
                0x02005ba0                devices__display_electrodes_sample
                0x02001788                devices__reading_sensors
                0x02003528                devices__reading_speed
                0x02005ab4                devices__display_headposition_sample
                0x02005a20                devices__display_steering
                0x02004094                devices___init_proc__5
                0x02001728                devices___init_proc
                0x020028fc                devices___init_proc__3
                0x02006318                devices(bool,...)(...)( *)
                0x02001d98                devices__reading_eyesimage
                0x0200598c                devices__display_speed
                0x0200664c                devices___elabb
                0x020065f0                devices__activate_brake
                0x02004ca8                devices__reading_steering
                0x02005eb8                devices__display_cronometro
                0x02006230                devices__light
                0x020034c8                devices___init_proc__4
                0x020040f4                devices__reading_headposition
                0x0200295c                devices__reading_distance
                0x02006594                devices__activate_automatic_driving
                0x02001d38                devices___init_proc__2
                0x020015ec                devices___elabs
                0x02005c8c                devices__display_eyes_sample
                0x02005814                devices__display_pulse_rate
 .text          0x020066c4      0x9a8 ./workload.o
                0x020066c4                workload___elabs
                0x02006ac4                workload__small_whetstone
                0x02007054                workload___elabb
 .text          0x0200706c      0x848 ./tools.o
                0x02007884                tools___elabb
                0x02007810                tools__execution_time
                0x02007760                tools__finishing_notice
                0x020076b0                tools__starting_notice
                0x0200706c                tools___elabs
                0x02007358                tools__print_an_integer
                0x02007510                tools__print_a_float
                0x020070b8                tools__current_time
 .text          0x020078b4      0xc38 ./add.o
                0x020078f0                add___init_proc
                0x020078b4                add__background
                0x02008374                add___elabb
                0x0200796c                add___init_proc__2
 .text          0x020084ec      0x5e4 /usr/local/openravenscar/lib/gcc-lib/sparc-ork-elf/2.8.1/adalib/libgnarl.a(a-reatim.o)
                0x02008518                ada__real_time__Oadd__2
                0x020086ec                ada__real_time__split
                0x02008508                ada__real_time__Oadd
                0x02008568                ada__real_time__Osubtract__4
                0x0200866c                ada__real_time__nanoseconds
                0x020085d8                ada__real_time__Odivide__2
                0x02008594                ada__real_time__Odivide
                0x02008548                ada__real_time__Osubtract__2
                0x0200865c                ada__real_time__to_duration
                0x02008a04                ada__real_time__time_of
                0x02008528                ada__real_time__Oadd__3
                0x020086bc                ada__real_time__milliseconds
                0x020084ec                ada__real_time__clock
                0x02008690                ada__real_time__microseconds
                0x02008538                ada__real_time__Osubtract
                0x02008558                ada__real_time__Osubtract__3
                0x02008664                ada__real_time__to_time_span
                0x02008630                ada__real_time__Omultiply__2
                0x02008604                ada__real_time__Omultiply
 .text          0x02008ad0       0x68 /usr/local/openravenscar/lib/gcc-lib/sparc-ork-elf/2.8.1/adalib/libgnarl.a(a-retide.o)
                0x02008b14                ada__real_time__delays__to_duration
                0x02008ad0                ada__real_time__delays__delay_until
 .text          0x02008b38      0x10c /usr/local/openravenscar/lib/gcc-lib/sparc-ork-elf/2.8.1/adalib/libgnarl.a(s-taprob.o)
                0x02008c24                system__tasking__protected_objects___init_proc
                0x02008bf4                system__tasking__protected_objects__unlock
                0x02008b64                system__tasking__protected_objects__lock
                0x02008c30                system__tasking__protected_objects___init_proc__2
                0x02008b38                system__tasking__protected_objects__initialize_protection
                0x02008bac                system__tasking__protected_objects__lock_read_only
                0x02008c0c                system__tasking__protected_objects__finalize_protection
 .text          0x02008c44      0x978 /usr/local/openravenscar/lib/gcc-lib/sparc-ork-elf/2.8.1/adalib/libgnarl.a(s-taprop.o)
                0x02008ec4                system__task_primitives__operations__get_priority
                0x02008d3c                system__task_primitives__operations__unlock__2
                0x0200909c                system__task_primitives__operations__check_no_locks
                0x02008cc0                system__task_primitives__operations__write_lock
                0x020090fc                system__task_primitives__operations__resume_task
                0x0200917c                system__task_primitives__operations___elabb
                0x02008e08                system__task_primitives__operations__clock
                0x02008cdc                system__task_primitives__operations__write_lock__2
                0x02008c7c                system__task_primitives__operations__get_thread_id
                0x02008d90                system__task_primitives__operations__timed_delay
                0x02008ea4                system__task_primitives__operations__set_priority
                0x02008d6c                system__task_primitives__operations__timed_sleep
                0x02008c60                system__task_primitives__operations__self
                0x02008d54                system__task_primitives__operations__sleep
                0x02009080                system__task_primitives__operations__set_exit_task_procedure
                0x02008d28                system__task_primitives__operations__unlock
                0x020090b4                system__task_primitives__operations__environment_task
                0x02008c88                system__task_primitives__operations__initialize_lock
                0x020093b0                system__task_primitives__operations___init_proc
                0x02009064                system__task_primitives__operations__exit_task
                0x02008e2c                system__task_primitives__operations__wakeup
                0x02008c44                system__task_primitives__operations__set
                0x0200908c                system__task_primitives__operations__abort_task
                0x020090c0                system__task_primitives__operations__lock_all_tasks_list
                0x02008cf4                system__task_primitives__operations__write_lock__3
                0x02009054                system__task_primitives__operations__finalize_tcb
                0x02008f40                system__task_primitives__operations__new_atcb
                0x020090f4                system__task_primitives__operations__suspend_task
                0x02008e40                system__task_primitives__operations__yield
                0x020090dc                system__task_primitives__operations__unlock_all_tasks_list
                0x02009104                system__task_primitives__operations__initialize
                0x02009094                system__task_primitives__operations__check_exit
                0x02008fb8                system__task_primitives__operations__initialize_tcb
                0x02008c74                system__task_primitives__operations__stack_guard
                0x02008cb8                system__task_primitives__operations__finalize_lock
                0x0200905c                system__task_primitives__operations__default_exit_task_procedure
                0x02008ff4                system__task_primitives__operations__create_task
                0x02008ca0                system__task_primitives__operations__initialize_lock__2
                0x02008d0c                system__task_primitives__operations__read_lock
                0x02008edc                system__task_primitives__operations__enter_task
 .text          0x020095bc      0x924 /usr/local/openravenscar/lib/gcc-lib/sparc-ork-elf/2.8.1/adalib/libgnarl.a(s-tarest.o)
                0x02009830                system__tasking__restricted__stages__create_restricted_task
                0x02009d30                system__tasking__restricted__stages__restricted_terminated
                0x02009a40                system__tasking__restricted__stages__activate_restricted_tasks
                0x02009c00                system__tasking__restricted__stages__complete_restricted_activation
                0x02009d44                system__tasking__restricted__stages__finalize_global_tasks
                0x02009d98                system__tasking__restricted__stages___elabb
                0x02009cd0                system__tasking__restricted__stages__complete_restricted_task
 .text          0x02009ee0      0xf44 /usr/local/openravenscar/lib/gcc-lib/sparc-ork-elf/2.8.1/adalib/libgnarl.a(s-tasdeb.o)
                0x0200ab58                system__tasking__debug__image
                0x0200adfc                system__tasking__debug___init_proc__2
                0x0200a834                system__tasking__debug__print_current_task
                0x0200aaa8                system__tasking__debug__trace__2
                0x02009ee0                system__tasking__debug___elabs
                0x0200a850                system__tasking__debug__list_tasks
                0x0200ad00                system__tasking__debug__resume_all_tasks
                0x02009f58                system__tasking__debug__set_user_state
                0x0200a680                system__tasking__debug__print_task_info_header
                0x0200adbc                system__tasking__debug___init_proc
                0x02009f44                system__tasking__debug__self
                0x0200ad38                system__tasking__debug___elabb
                0x0200a890                system__tasking__debug__print_accept_info
                0x0200ab44                system__tasking__debug__set_trace
                0x0200a954                system__tasking__debug__trace
                0x0200aadc                system__tasking__debug__trace__3
                0x0200ab10                system__tasking__debug__trace__4
                0x0200a240                system__tasking__debug__print_task_info
                0x02009f3c                system__tasking__debug__task_termination_hook
                0x02009f34                system__tasking__debug__task_creation_hook
                0x0200acc8                system__tasking__debug__suspend_all_tasks
 .text          0x0200ae24      0x75c /usr/local/openravenscar/lib/gcc-lib/sparc-ork-elf/2.8.1/adalib/libgnarl.a(s-taskin.o)
                0x0200b238                system__tasking___init_proc__3
                0x0200b4e0                system__tasking___init_proc__8
                0x0200b4a0                system__tasking___init_proc__7
                0x0200ae24                system__tasking__self
                0x0200b200                system__tasking___init_proc__2
                0x0200af60                system__tasking___elabb
                0x0200b2b4                system__tasking___init_proc__4
                0x0200b4ec                system__tasking___init_proc__9
                0x0200b1ac                system__tasking___init_proc
                0x0200b308                system__tasking___init_proc__6
                0x0200ae38                system__tasking__initialize_atcb
                0x0200b2c0                system__tasking___init_proc__5
 .text          0x0200b580       0x14 /usr/local/openravenscar/lib/gcc-lib/sparc-ork-elf/2.8.1/adalib/libgnarl.a(s-taspri.o)
                0x0200b580                system__task_primitives___init_proc
 .text          0x0200b594      0x1f0 /usr/local/openravenscar/lib/gcc-lib/sparc-ork-elf/2.8.1/adalib/libgnarl.a(kernel-interrupts.o)
                0x0200b65c                kernel_detach_interrupt_handler
                0x0200b6a4                kernel__interrupts___elabb
                0x0200b594                kernel__interrupts__null_handler
                0x0200b59c                kernel__interrupts__wrapper
                0x0200b684                kernel_current_interrupt_handler
                0x0200b5fc                kernel_attach_interrupt_handler
                0x0200b728                kernel__interrupts___init_proc__2
                0x0200b710                kernel__interrupts___init_proc
 .text          0x0200b784      0x5dc /usr/local/openravenscar/lib/gcc-lib/sparc-ork-elf/2.8.1/adalib/libgnarl.a(kernel-threads.o)
                0x0200b784                kernel__threads___elabs
                0x0200bd24                kernel__threads___init_proc__3
                0x0200b9f4                kernel_yield
                0x0200baf4                kernel_check_no_mutexes
                0x0200bb04                kernel_condition_init
                0x0200b954                kernel__threads__set_active_priority
                0x0200b908                kernel_set_priority
                0x0200bbc8                kernel_condition_signal
                0x0200bc28                kernel_thread_create
                0x0200b810                kernel__threads__default_dummy_task_function
                0x0200bcf0                kernel_thread_self
                0x0200b7c0                kernel__threads__thread_caller
                0x0200bb0c                kernel_condition_wait
                0x0200b820                kernel_initialize
                0x0200ba94                kernel_mutex_unlock
                0x0200ba3c                kernel_mutex_lock
                0x0200ba30                kernel_mutex_init
                0x0200bd00                kernel__threads___elabb
                0x0200bd10                kernel__threads___init_proc
                0x0200bd1c                kernel__threads___init_proc__2
                0x0200b9d8                kernel_get_priority
 .text          0x0200bd60       0x28 /usr/local/openravenscar/lib/gcc-lib/sparc-ork-elf/2.8.1/adalib/libgnarl.a(kernel-threads-atcb.o)
                0x0200bd78                kernel__threads__atcb___elabb
                0x0200bd68                kernel__threads__atcb__thread_self_atcb
                0x0200bd60                kernel__threads__atcb__set_atcb
 .text          0x0200bd88      0x478 /usr/local/openravenscar/lib/gcc-lib/sparc-ork-elf/2.8.1/adalib/libgnarl.a(kernel-threads-queues.o)
                0x0200bfa0                kernel__threads__queues__insert_alarm
                0x0200be44                kernel__threads__queues__insert_at_tail
                0x0200bda0                kernel__threads__queues__insert_at_head
                0x0200c06c                kernel__threads__queues__extract_first_alarm
                0x0200bf54                kernel__threads__queues__get_new_thread_descriptor
                0x0200c170                kernel__threads__queues___init_proc
                0x0200bee8                kernel__threads__queues__extract_from_ready
                0x0200c098                kernel__threads__queues__get_next_alarm_time
                0x0200c0cc                kernel__threads__queues___elabb
                0x0200bf30                kernel__threads__queues__next_running
                0x0200bd94                kernel__threads__queues__environment_thread_id
                0x0200bd88                kernel__threads__queues__dummy_thread_id
 .text          0x0200c200      0x108 /usr/local/openravenscar/lib/gcc-lib/sparc-ork-elf/2.8.1/adalib/libgnarl.a(kernel-threads-protection.o)
                0x0200c224                kernel__threads__protection__leave_kernel
                0x0200c200                kernel__threads__protection__dispatch
                0x0200c2f8                kernel__threads__protection___elabb
                0x0200c210                kernel__threads__protection__enter_kernel
 .text          0x0200c308      0x3c4 /usr/local/openravenscar/lib/gcc-lib/sparc-ork-elf/2.8.1/adalib/libgnarl.a(kernel-time.o)
                0x0200c3c0                kernel_delay_until
                0x0200c308                kernel_clock
                0x0200c68c                kernel__time___elabb
 .text          0x0200c6cc       0x9c /usr/local/openravenscar/lib/gcc-lib/sparc-ork-elf/2.8.1/adalib/libgnarl.a(kernel-memory.o)
                0x0200c728                kernel__memory___elabb
                0x0200c6d4                kernel_new_stack
                0x0200c6cc                kernel_new_memory_region
 .text          0x0200c768       0x88 /usr/local/openravenscar/lib/gcc-lib/sparc-ork-elf/2.8.1/adalib/libgnarl.a(kernel-cpu_primitives.o)
                0x0200c768                kernel__cpu_primitives__context_switch
                0x0200c774                kernel__cpu_primitives__initialize_context
                0x0200c7e0                kernel__cpu_primitives___elabb
 .text          0x0200c7f0       0x44 /usr/local/openravenscar/lib/gcc-lib/sparc-ork-elf/2.8.1/adalib/libgnarl.a(kernel-peripherals-registers.o)
                0x0200c7f0                kernel__peripherals__registers___elabs
 .text          0x0200c834      0x6ac /usr/local/openravenscar/lib/gcc-lib/sparc-ork-elf/2.8.1/adalib/libgnarl.a(kernel-peripherals.o)
                0x0200c844                kernel__peripherals__stop_watch_dog
                0x0200c834                kernel__peripherals__to_vector
                0x0200c860                kernel__peripherals__init_clock
                0x0200ce2c                kernel__peripherals___elabb
                0x0200c944                kernel__peripherals__cancel_and_set_alarm
                0x0200c920                kernel__peripherals__init_board
                0x0200c958                kernel__peripherals__set_alarm
                0x0200cacc                kernel__peripherals__read_clock
                0x0200cb3c                kernel__peripherals__clear_alarm_interrupt
                0x0200cd6c                kernel__peripherals__uart_send
                0x0200cb44                kernel__peripherals__clear_clock_interrupt
                0x0200cc80                kernel__peripherals__init_uart
                0x0200c858                kernel__peripherals__memory_configuration
                0x0200cb4c                kernel__peripherals__protect_segment
                0x0200c83c                kernel__peripherals__priority_of_interrupt
 .text          0x0200cee0       0xe4 /usr/local/openravenscar/lib/gcc-lib/sparc-ork-elf/2.8.1/adalib/libgnarl.a(kernel-serial_output.o)
                0x0200cf38                kernel_new_line
                0x0200cf4c                kernel_put_line_c
                0x0200cef8                kernel__serial_output__put__2
                0x0200cee0                kernel_put_c
                0x0200cf68                kernel__serial_output__put_line__2
                0x0200cf98                kernel__serial_output___elabb
 .text          0x0200cfc4      0x2dc /usr/local/openravenscar/lib/gcc-lib/sparc-ork-elf/2.8.1/adalib/libgnarl.a(context.o)
                0x0200d298                exit_from_context_switch
                0x0200cfc4                context_switch
                0x0200cfd0                context_trap
 .text          0x0200d2a0      0x60c /usr/local/openravenscar/lib/gcc-lib/sparc-ork-elf/2.8.1/adalib/libgnarl.a(install_handler.o)
                0x0200d358                set_next_running
                0x0200d2a0                enable_traps
                0x0200d304                install_trap_handler
                0x0200d2b4                install_int_handler
 .text          0x0200d8ac       0x34 /usr/local/openravenscar/lib/gcc-lib/sparc-ork-elf/2.8.1/adalib/libgnarl.a(int_level.o)
                0x0200d8ac                disable_interrupts
                0x0200d8c4                enable_interrupts
 .text          0x0200d8e0     0x25c0 /usr/local/openravenscar/lib/gcc-lib/sparc-ork-elf/2.8.1/adalib/libgnat.a(a-except.o)
                0x0200f148                ada__exceptions__sdp_table_sort_move
                0x0200f2a8                ada__exceptions__string_to_eid
                0x0200e964                __gnat_raise_nodefer_with_msg
                0x0200db10                ada__exceptions__current_target_exception
                0x0200eadc                ada__exceptions__raise_from_signal_handler
                0x0200d960                ada__exceptions__address_image
                0x0200ed60                ada__exceptions__save_occurrence
                0x0200f944                __gnat_notify_exception
                0x0200e624                ada__exceptions__propagate_exception
                0x0200e498                ada__exceptions__exception_name_simple
                0x0200ecb4                __gnat_reraise
                0x0200ea44                __gnat_raise_exception
                0x0200d8e0                ada__exceptions___elabs
                0x0200da68                __gnat_break_start
                0x0200da54                ada__exceptions__allocate_machine_state
                0x0200db34                ada__exceptions__deallocate_machine_state
                0x0200dde8                ada__exceptions__exception_information
                0x0200ec14                __gnat_raise_storage_error
                0x0200dba4                ada__exceptions__eo_to_string
                0x0200f0ac                ada__exceptions__sdp_table_sort_lt
                0x0200fdb8                ada__exceptions__raise_exception_no_defer
                0x0200e3a4                ada__exceptions__exception_name__2
                0x0200fe60                ada__exceptions__zzz
                0x0200d950                ada__exceptions__poll
                0x0200ec34                ada__exceptions__raise_with_c_msg
                0x0200f9d8                ada__exceptions__unhandled_exception_terminate
                0x0200db48                ada__exceptions__eid_to_string
                0x0200edf4                ada__exceptions__save_occurrence__2
                0x0200eba0                ada__exceptions__raise_with_location
                0x0200eb78                ada__exceptions__raise_no_msg
                0x0200e2e0                ada__exceptions__exception_message
                0x0200f178                ada__exceptions__set_exception_c_msg
                0x0200f3d0                ada__exceptions__string_to_eo
                0x0200ebd4                __gnat_raise_constraint_error
                0x0200ecec                ada__exceptions__reraise_occurrence
                0x0200fe68                ada__exceptions___elabb
                0x0200fe90                ada__exceptions___init_proc
                0x0200e468                ada__exceptions__exception_name
                0x0200d958                ada__exceptions__aaa
                0x0200ed34                ada__exceptions__reraise_occurrence_no_defer
                0x0200dc04                ada__exceptions__exception_identity
                0x0200ee20                __gnat_SDP_Table_Build
                0x0200f93c                __gnat_unhandled_exception
                0x0200da70                ada__exceptions__call_chain
                0x0200ec68                __gnat_raise_with_msg
                0x0200ebf4                __gnat_raise_program_error
 .text          0x0200fea0      0x2ec /usr/local/openravenscar/lib/gcc-lib/sparc-ork-elf/2.8.1/adalib/libgnat.a(a-filico.o)
                0x0200feec                ada__finalization__list_controller___deep_finalize__2
                0x02010158                ada__finalization__list_controller___init_proc__2
                0x0201011c                ada__finalization__list_controller__finalize
                0x0200fedc                ada__finalization__list_controller___size__2
                0x02010134                ada__finalization__list_controller___init_proc
                0x020100e8                ada__finalization__list_controller__finalize__2
                0x0200ff18                ada__finalization__list_controller___elabs
                0x0200fea0                ada__finalization__list_controller___size
                0x020100d0                ada__finalization__list_controller__initialize__2
                0x0200feb0                ada__finalization__list_controller___deep_finalize
 .text          0x0201018c      0x560 /usr/local/openravenscar/lib/gcc-lib/sparc-ork-elf/2.8.1/adalib/libgnat.a(a-finali.o)
                0x020103ec                ada__finalization___size__4
                0x0201066c                ada__finalization__initialize
                0x02010684                ada__finalization__Oeq__2
                0x020106ac                ada__finalization___init_proc
                0x020101b4                ada__finalization___write__3
                0x020106a4                ada__finalization__finalize__2
                0x0201018c                ada__finalization___size__3
                0x0201019c                ada__finalization___read__3
                0x02010674                ada__finalization__adjust
                0x020106cc                ada__finalization___init_proc__2
                0x02010428                ada__finalization___elabs
                0x0201067c                ada__finalization__finalize
                0x02010398                ada__finalization___deep_adjust
                0x0201069c                ada__finalization__initialize__2
                0x020101cc                ada__finalization___assign__3
                0x020103c0                ada__finalization___deep_finalize
                0x020103fc                ada__finalization___deep_finalize__2
 .text          0x020106ec       0x6c /usr/local/openravenscar/lib/gcc-lib/sparc-ork-elf/2.8.1/adalib/libgnat.a(a-ioexce.o)
                0x020106ec                ada__io_exceptions___elabs
 .text          0x02010758     0x1e98 /usr/local/openravenscar/lib/gcc-lib/sparc-ork-elf/2.8.1/adalib/libgnat.a(a-nuelfu.o)
                0x02012214                ada__numerics__elementary_functions__sinh
                0x0201109c                ada__numerics__elementary_functions__arcsin
                0x02010e84                ada__numerics__elementary_functions__arccosh
                0x020112c8                ada__numerics__elementary_functions__arcsinh
                0x02010758                ada__numerics__elementary_functions__Oexpon
                0x02010f98                ada__numerics__elementary_functions__arccoth
                0x02010f7c                ada__numerics__elementary_functions__arccot__2
                0x02011170                ada__numerics__elementary_functions__arcsin__2
                0x020114f8                ada__numerics__elementary_functions__arctan__2
                0x02010d18                ada__numerics__elementary_functions__arccos__2
                0x020117f8                ada__numerics__elementary_functions__cos
                0x02012320                ada__numerics__elementary_functions__sqrt
                0x0201242c                ada__numerics__elementary_functions__tan__2
                0x02012118                ada__numerics__elementary_functions__sin__2
                0x02011fa8                ada__numerics__elementary_functions__log__2
                0x020119fc                ada__numerics__elementary_functions__cot__2
                0x0201255c                ada__numerics__elementary_functions__tanh
                0x02011b64                ada__numerics__elementary_functions__coth
                0x02011eec                ada__numerics__elementary_functions__log
                0x020118a8                ada__numerics__elementary_functions__cosh
                0x02010f64                ada__numerics__elementary_functions__arccot
                0x020113e8                ada__numerics__elementary_functions__arctan
                0x020120d0                ada__numerics__elementary_functions__sin
                0x02010c18                ada__numerics__elementary_functions__arccos
                0x02011864                ada__numerics__elementary_functions__cos__2
                0x020123a4                ada__numerics__elementary_functions__tan
                0x02011c58                ada__numerics__elementary_functions__exp
                0x02011954                ada__numerics__elementary_functions__cot
                0x0201166c                ada__numerics__elementary_functions__arctanh
 .text          0x020125f0       0x18 /usr/local/openravenscar/lib/gcc-lib/sparc-ork-elf/2.8.1/adalib/libgnat.a(a-numeri.o)
                0x020125f0                ada__numerics___elabs
 .text          0x02012608       0xc0 /usr/local/openravenscar/lib/gcc-lib/sparc-ork-elf/2.8.1/adalib/libgnat.a(a-stream.o)
                0x02012620                ada__streams___elabs
                0x02012618                ada__streams___deep_finalize
                0x02012608                ada__streams___size
                0x020126b8                ada__streams___init_proc
 .text          0x020126c8      0x934 /usr/local/openravenscar/lib/gcc-lib/sparc-ork-elf/2.8.1/adalib/libgnat.a(a-tags.o)
                0x02012d30                ada__tags__length
                0x02012f9c                ada__tags___init_proc
                0x0201283c                ada__tags__external_tag_htable__removeXn
                0x02012e54                ada__tags__get_rc_offset
                0x02012f70                ada__tags__set_remotely_callable
                0x02012f38                ada__tags__set_prim_op_address
                0x02012f18                ada__tags__register_tag
                0x02012eb8                ada__tags__inherit_tsd
                0x020126c8                ada__tags___elabs
                0x02012e30                ada__tags__get_expanded_name
                0x02012f4c                ada__tags__set_expanded_name
                0x02012e60                ada__tags__get_remotely_callable
                0x02012a58                ada__tags__expanded_name
                0x020126e0                ada__tags__external_tag_htable__getXn
                0x02012e48                ada__tags__get_inheritance_depth
                0x02012e78                ada__tags__get_tsd
                0x02012934                ada__tags__external_tag_htable__setXn
                0x02012df0                ada__tags__cw_membership
                0x02012e80                ada__tags__inherit_dt
                0x02012788                ada__tags__external_tag_htable__get_nextXn
                0x02012b60                ada__tags__get_external_tag
                0x02012b84                ada__tags__internal_tag
                0x02012fa4                ada__tags___init_proc__2
                0x02012d8c                ada__tags___elabb
                0x02012f44                ada__tags__set_tsd
                0x02012f58                ada__tags__set_external_tag
                0x020129a8                ada__tags__get_ht_link
                0x02012d64                ada__tags__parent_size
                0x02012970                ada__tags__equal
                0x02012754                ada__tags__external_tag_htable__get_firstXn
                0x02012f2c                ada__tags__set_inheritance_depth
                0x02012adc                ada__tags__external_tag
                0x020127c4                ada__tags__external_tag_htable__get_non_nullXn
                0x02012e3c                ada__tags__get_prim_op_address
                0x02012f64                ada__tags__set_rc_offset
                0x02012a14                ada__tags__hash
                0x020128f4                ada__tags__external_tag_htable__resetXn
                0x02012a4c                ada__tags__set_ht_link
                0x02012fb0                ada__tags__external_tag_htable___init_procXn
 .text          0x02012ffc      0x25c /usr/local/openravenscar/lib/gcc-lib/sparc-ork-elf/2.8.1/adalib/libgnat.a(g-except.o)
                0x02013148                gnat__exceptions___deep_finalize
                0x02013014                gnat__exceptions___write
                0x02013050                gnat__exceptions___output
                0x02013070                gnat__exceptions___assign
                0x0201301c                gnat__exceptions___input
                0x02013150                gnat__exceptions___elabs
                0x0201300c                gnat__exceptions___read
                0x02012ffc                gnat__exceptions___size
                0x02013248                gnat__exceptions___init_proc
                0x02013068                gnat__exceptions__Oeq
                0x02013140                gnat__exceptions___deep_adjust
 .text          0x02013258      0x174 /usr/local/openravenscar/lib/gcc-lib/sparc-ork-elf/2.8.1/adalib/libgnat.a(g-hesora.o)
                0x02013328                gnat__heap_sort_a__sort
 .text          0x020133cc      0xc6c /usr/local/openravenscar/lib/gcc-lib/sparc-ork-elf/2.8.1/adalib/libgnat.a(i-c.o)
                0x02013cdc                interfaces__c__to_c__4
                0x0201381c                interfaces__c__to_ada__6
                0x02013430                interfaces__c__is_nul_terminated__2
                0x02013480                interfaces__c__to_ada
                0x02013488                interfaces__c__to_ada__2
                0x02013944                interfaces__c__to_c
                0x020133e4                interfaces__c__is_nul_terminated
                0x02013e90                interfaces__c__to_c__6
                0x020135bc                interfaces__c__to_ada__3
                0x020133cc                interfaces__c___elabs
                0x02013b44                interfaces__c__to_c__3
                0x020136dc                interfaces__c__to_ada__5
                0x02013ce4                interfaces__c__to_c__5
                0x0201394c                interfaces__c__to_c__2
                0x020136d4                interfaces__c__to_ada__4
 .text          0x02014038     0x13b4 /usr/local/openravenscar/lib/gcc-lib/sparc-ork-elf/2.8.1/adalib/libgnat.a(s-arit64.o)
                0x02014174                system__arith_64__hi
                0x0201471c                system__arith_64__scaled_divide
                0x020146ec                system__arith_64__raise_error
                0x020140ec                system__arith_64__Odivide
                0x02014060                system__arith_64__Oadd__2
                0x02015318                system__arith_64__subtract_with_ovflo_check
                0x02014090                system__arith_64__Omultiply
                0x02014184                system__arith_64__lo
                0x020140c0                system__arith_64__Omultiply__2
                0x020141f8                system__arith_64__double_divide
                0x020144e8                system__arith_64__multiply_with_ovflo_check
                0x020153cc                system__arith_64__to_pos_int
                0x02014038                system__arith_64__Oadd
                0x02014144                system__arith_64__Oconcat
                0x02015394                system__arith_64__to_neg_int
                0x02014118                system__arith_64__Orem
                0x0201418c                system__arith_64__add_with_ovflo_check
                0x02014078                system__arith_64__Osubtract
 .text          0x020153ec      0x16c /usr/local/openravenscar/lib/gcc-lib/sparc-ork-elf/2.8.1/adalib/libgnat.a(s-except.o)
                0x02015410                system__exceptions___init_proc
                0x020153ec                system__exceptions___elabs
                0x020154b8                system__exceptions___init_proc__4
                0x02015458                system__exceptions___init_proc__3
                0x020154f8                system__exceptions___init_proc__5
                0x02015418                system__exceptions___init_proc__2
 .text          0x02015558      0x54c /usr/local/openravenscar/lib/gcc-lib/sparc-ork-elf/2.8.1/adalib/libgnat.a(s-exctab.o)
                0x0201586c                system__exception_table__get_key
                0x02015600                system__exception_table__exception_htable__get_nextXn
                0x02015834                system__exception_table__equal
                0x020157ac                system__exception_table__exception_htable__setXn
                0x02015a58                system__exception_table__exception_htable___init_procXn
                0x02015558                system__exception_table__exception_htable__getXn
                0x020157f0                system__exception_table__get_ht_link
                0x0201576c                system__exception_table__exception_htable__resetXn
                0x020157e8                system__exception_table__set_ht_link
                0x02015874                system__exception_table__internal_exception
                0x0201563c                system__exception_table__exception_htable__get_non_nullXn
                0x020157f8                system__exception_table__hash
                0x020155cc                system__exception_table__exception_htable__get_firstXn
                0x020159a8                system__exception_table___elabb
                0x02015994                system__exception_table__register_exception
                0x020156b4                system__exception_table__exception_htable__removeXn
 .text          0x02015aa4      0x1c4 /usr/local/openravenscar/lib/gcc-lib/sparc-ork-elf/2.8.1/adalib/libgnat.a(s-exnflt.o)
                0x02015aa4                system__exn_flt__exn_float
 .text          0x02015c68      0xb2c /usr/local/openravenscar/lib/gcc-lib/sparc-ork-elf/2.8.1/adalib/libgnat.a(s-fatflt.o)
                0x0201661c                system__fat_flt__fat_float__truncation
                0x02015dac                system__fat_flt__fat_float__decompose
                0x02016140                system__fat_flt__fat_float__model
                0x02016048                system__fat_flt__fat_float__floor
                0x02016154                system__fat_flt__fat_float__pred
                0x0201641c                system__fat_flt__fat_float__scaling
                0x020160d0                system__fat_flt__fat_float__leading_part
                0x020166cc                system__fat_flt__fat_float__unbiased_rounding
                0x02015cc0                system__fat_flt__fat_float__ceiling
                0x02015d20                system__fat_flt__fat_float__compose
                0x02016020                system__fat_flt__fat_float__exponent
                0x020160a8                system__fat_flt__fat_float__fraction
                0x02015f98                system__fat_flt__fat_float__gradual_scaling
                0x0201620c                system__fat_flt__fat_float__remainder
                0x02016394                system__fat_flt__fat_float__rounding
                0x02015c68                system__fat_flt__fat_float__adjacent
                0x02016534                system__fat_flt__fat_float__succ
                0x02016774                system__fat_flt__fat_float__valid
                0x02015d50                system__fat_flt__fat_float__copy_sign
                0x0201612c                system__fat_flt__fat_float__machine
 .text          0x02016794     0x13dc /usr/local/openravenscar/lib/gcc-lib/sparc-ork-elf/2.8.1/adalib/libgnat.a(s-finimp.o)
                0x020179b4                system__finalization_implementation__deep_tag_attach
                0x020169c0                system__finalization_implementation___read__2
                0x02017014                system__finalization_implementation__detach_from_final_list
                0x02016858                system__finalization_implementation___output
                0x02017470                system__finalization_implementation__finalize_list
                0x02016a8c                system__finalization_implementation__Oeq__2
                0x02017b40                system__finalization_implementation___init_proc__2
                0x020168b8                system__finalization_implementation___assign
                0x02017a6c                system__finalization_implementation__initialize__2
                0x02016e78                system__finalization_implementation__attach_to_final_list
                0x02017818                system__finalization_implementation__deep_tag_adjust
                0x02016ad4                system__finalization_implementation___assign__2
                0x02016870                system__finalization_implementation__Oeq
                0x02016800                system__finalization_implementation___input
                0x020167dc                system__finalization_implementation___write
                0x02017728                system__finalization_implementation__deep_tag_initialize
                0x02017a64                system__finalization_implementation__initialize
                0x02017b1c                system__finalization_implementation___init_proc
                0x020169e4                system__finalization_implementation___write__2
                0x02016bd4                system__finalization_implementation___elabs
                0x02016a74                system__finalization_implementation___output__2
                0x02016a08                system__finalization_implementation___input__2
                0x020167a4                system__finalization_implementation___read
                0x020175dc                system__finalization_implementation__finalize_one
                0x020178e4                system__finalization_implementation__deep_tag_finalize
                0x020175b4                system__finalization_implementation__finalize_global_list
                0x02017b08                system__finalization_implementation__finalize
                0x020169b0                system__finalization_implementation___size__2
                0x02017ad4                system__finalization_implementation__adjust__2
                0x02016794                system__finalization_implementation___size
 .text          0x02017b70      0x658 /usr/local/openravenscar/lib/gcc-lib/sparc-ork-elf/2.8.1/adalib/libgnat.a(s-finroo.o)
                0x02017b70                system__finalization_root___size
                0x020181a4                system__finalization_root___init_proc__2
                0x02017b80                system__finalization_root___read
                0x02017eb8                system__finalization_root___elabs
                0x02017d70                system__finalization_root__Oeq__2
                0x02017d00                system__finalization_root___input__2
                0x02017b88                system__finalization_root___write
                0x02017b98                system__finalization_root___assign
                0x02018164                system__finalization_root__finalize
                0x02017d58                system__finalization_root___output__2
                0x02018104                system__finalization_root__initialize
                0x02017b90                system__finalization_root__Oeq
                0x02017c78                system__finalization_root___read__2
                0x02017cd0                system__finalization_root___write__2
                0x02017c68                system__finalization_root___size__2
                0x02018134                system__finalization_root__adjust
                0x02017dc8                system__finalization_root___assign__2
                0x02018194                system__finalization_root___init_proc
 .text          0x020181c8      0x1b4 /usr/local/openravenscar/lib/gcc-lib/sparc-ork-elf/2.8.1/adalib/libgnat.a(s-imgint.o)
                0x02018304                system__img_int__set_image_integer
                0x020181c8                system__img_int__image_integer
 .text          0x0201837c      0xbc8 /usr/local/openravenscar/lib/gcc-lib/sparc-ork-elf/2.8.1/adalib/libgnat.a(s-imgrea.o)
                0x0201837c                system__img_real__image_ordinary_fixed_point
                0x02018a68                system__img_real__set_image_real
                0x02018450                system__img_real__image_floating_point
 .text          0x02018f44      0x160 /usr/local/openravenscar/lib/gcc-lib/sparc-ork-elf/2.8.1/adalib/libgnat.a(s-imguns.o)
                0x02018f44                system__img_uns__image_unsigned
                0x02019064                system__img_uns__set_image_unsigned
 .text          0x020190a4       0x40 /usr/local/openravenscar/lib/gcc-lib/sparc-ork-elf/2.8.1/adalib/libgnat.a(s-mastop.o)
                0x020190bc                system__machine_state_operations__get_code_loc
                0x020190a4                system__machine_state_operations__allocate_machine_state
                0x020190dc                system__machine_state_operations__set_signal_machine_state
                0x020190b4                system__machine_state_operations__free_machine_state
                0x020190c4                system__machine_state_operations__machine_state_length
                0x020190ac                system__machine_state_operations__enter_handler
                0x020190d4                system__machine_state_operations__set_machine_state
                0x020190cc                system__machine_state_operations__pop_frame
 .text          0x020190e4       0x50 /usr/local/openravenscar/lib/gcc-lib/sparc-ork-elf/2.8.1/adalib/libgnat.a(s-parame.o)
                0x020190ec                system__parameters__minimum_stack_size
                0x020190f4                system__parameters__adjust_storage_size
                0x020190e4                system__parameters__default_stack_size
 .text          0x02019134      0x314 /usr/local/openravenscar/lib/gcc-lib/sparc-ork-elf/2.8.1/adalib/libgnat.a(s-secsta.o)
                0x02019440                system__secondary_stack___init_proc__2
                0x020193e4                system__secondary_stack___elabb
                0x02019134                system__secondary_stack__ss_allocate
                0x02019328                system__secondary_stack__ss_free
                0x020193c4                system__secondary_stack__ss_release
                0x020193a4                system__secondary_stack__ss_mark
                0x0201942c                system__secondary_stack___init_proc
                0x020192c4                system__secondary_stack__ss_init
 .text          0x02019448      0x1fc /usr/local/openravenscar/lib/gcc-lib/sparc-ork-elf/2.8.1/adalib/libgnat.a(s-sopco3.o)
                0x02019448                system__string_ops_concat_3__str_concat_3
 .text          0x02019644      0x1e4 /usr/local/openravenscar/lib/gcc-lib/sparc-ork-elf/2.8.1/adalib/libgnat.a(s-stache.o)
                0x02019644                system__stack_checking___elabs
                0x0201965c                _gnat_stack_check
                0x020197e0                system__stack_checking__set_stack_size
                0x02019818                system__stack_checking___init_proc
                0x020196e8                system__stack_checking__invalidate_stack_cache
                0x02019808                system__stack_checking__update_stack_cache
 .text          0x02019828       0x28 /usr/local/openravenscar/lib/gcc-lib/sparc-ork-elf/2.8.1/adalib/libgnat.a(s-stalib.o)
                0x02019828                system__standard_library__abort_undefer_direct
                0x02019844                system__standard_library___init_proc
 .text          0x02019850       0x64 /usr/local/openravenscar/lib/gcc-lib/sparc-ork-elf/2.8.1/adalib/libgnat.a(s-stoele.o)
                0x02019870                system__storage_elements__Omod
                0x020198a4                system__storage_elements__to_address
                0x02019858                system__storage_elements__Oadd__2
                0x02019860                system__storage_elements__Osubtract
                0x02019850                system__storage_elements__Oadd
                0x020198ac                system__storage_elements__to_integer
                0x02019868                system__storage_elements__Osubtract__2
 .text          0x020198b4     0x102c /usr/local/openravenscar/lib/gcc-lib/sparc-ork-elf/2.8.1/adalib/libgnat.a(s-stratt.o)
                0x02019fcc                system__stream_attributes__i_si
                0x0201a284                system__stream_attributes__w_ad
                0x020199bc                system__stream_attributes__i_b
                0x0201a378                system__stream_attributes__w_c
                0x02019b94                system__stream_attributes__i_lf
                0x02019f44                system__stream_attributes__i_sf
                0x0201a800                system__stream_attributes__w_su
                0x02019a20                system__stream_attributes__i_c
                0x02019cc4                system__stream_attributes__i_llf
                0x0201a10c                system__stream_attributes__i_su
                0x02019e14                system__stream_attributes__i_llu
                0x0201a6fc                system__stream_attributes__w_sf
                0x0201a184                system__stream_attributes__i_u
                0x0201a89c                system__stream_attributes__w_wc
                0x020198b4                system__stream_attributes__i_ad
                0x0201a844                system__stream_attributes__w_u
                0x0201a6a4                system__stream_attributes__w_lu
                0x0201a344                system__stream_attributes__w_b
                0x0201a5ac                system__stream_attributes__w_lli
                0x0201a0a8                system__stream_attributes__i_ssu
                0x02019c3c                system__stream_attributes__i_li
                0x0201a798                system__stream_attributes__w_ssi
                0x0201a754                system__stream_attributes__w_si
                0x0201a45c                system__stream_attributes__w_lf
                0x0201a044                system__stream_attributes__i_ssi
                0x02019a84                system__stream_attributes__i_f
                0x0201a4d8                system__stream_attributes__w_li
                0x0201a2f4                system__stream_attributes__w_as
                0x0201a404                system__stream_attributes__w_i
                0x02019b0c                system__stream_attributes__i_i
                0x02019d6c                system__stream_attributes__i_lli
                0x0201a20c                system__stream_attributes__i_wc
                0x0201a530                system__stream_attributes__w_llf
                0x0201a7cc                system__stream_attributes__w_ssu
                0x0201992c                system__stream_attributes__i_as
                0x0201a3ac                system__stream_attributes__w_f
                0x0201a628                system__stream_attributes__w_llu
                0x02019ebc                system__stream_attributes__i_lu
 .text          0x0201a8e0      0x5b8 /usr/local/openravenscar/lib/gcc-lib/sparc-ork-elf/2.8.1/adalib/libgnat.a(s-strops.o)
                0x0201ad04                system__string_ops__str_equal
                0x0201abdc                system__string_ops__str_concat_sc
                0x0201ae14                system__string_ops__str_normalize
                0x0201a8e0                system__string_ops__str_concat
                0x0201ab00                system__string_ops__str_concat_cs
                0x0201ae54                system__string_ops__wide_str_normalize
                0x0201aaa0                system__string_ops__str_concat_cc
 .text          0x0201ae98      0x298 /usr/local/openravenscar/lib/gcc-lib/sparc-ork-elf/2.8.1/adalib/libgnat.a(s-soflin.o)
                0x0201affc                system__soft_links__set_jmpbuf_address_soft
                0x0201af68                system__soft_links__get_stack_info_nt
                0x0201b0c4                system__soft_links___elabb
                0x0201af5c                system__soft_links__get_current_excep_nt
                0x0201b06c                system__soft_links__set_exc_stack_addr_soft
                0x0201ae98                system__soft_links__abort_defer_nt
                0x0201aecc                system__soft_links__check_abort_status_nt
                0x0201af14                system__soft_links__get_sec_stack_addr_nt
                0x0201af08                system__soft_links__set_jmpbuf_address_nt
                0x0201aeec                system__soft_links__task_lock_nt
                0x0201b0a8                system__soft_links__set_machine_state_addr_soft
                0x0201aedc                system__soft_links__current_master_nt
                0x0201aea0                system__soft_links__abort_handler_nt
                0x0201af98                system__soft_links__destroy_tsd
                0x0201b050                system__soft_links__get_exc_stack_addr_soft
                0x0201aefc                system__soft_links__get_jmpbuf_address_nt
                0x0201aea8                system__soft_links__abort_undefer_nt
                0x0201af74                system__soft_links__create_tsd
                0x0201af38                system__soft_links__set_machine_state_addr_nt
                0x0201af20                system__soft_links__set_sec_stack_addr_nt
                0x0201aeb0                system__soft_links__update_exception_nt
                0x0201af50                system__soft_links__set_exc_stack_addr_nt
                0x0201b104                system__soft_links___init_proc
                0x0201afe0                system__soft_links__get_jmpbuf_address_soft
                0x0201aee4                system__soft_links__enter_master_nt
                0x0201b08c                system__soft_links__get_machine_state_addr_soft
                0x0201b034                system__soft_links__set_sec_stack_addr_soft
                0x0201aef4                system__soft_links__task_unlock_nt
                0x0201afbc                system__soft_links__get_gnat_exception
                0x0201b018                system__soft_links__get_sec_stack_addr_soft
                0x0201aed4                system__soft_links__complete_master_nt
                0x0201af2c                system__soft_links__get_machine_state_addr_nt
                0x0201af44                system__soft_links__get_exc_stack_addr_nt
 .text          0x0201b130       0x68 /usr/local/openravenscar/lib/gcc-lib/sparc-ork-elf/2.8.1/adalib/libgnat.a(s-traceb.o)
                0x0201b144                system__traceback__get_code_loc
                0x0201b16c                system__traceback__pop_frame
                0x0201b158                system__traceback__free_machine_state
                0x0201b130                system__traceback__allocate_machine_state
                0x0201b184                system__traceback__set_machine_state
 .text          0x0201b198       0xfc /usr/local/openravenscar/lib/gcc-lib/sparc-ork-elf/2.8.1/adalib/libgnat.a(a-argv.o)
                0x0201b260                fill_env
                0x0201b204                env_count
                0x0201b240                len_env
                0x0201b198                arg_count
                0x0201b1a4                gnat_argval
                0x0201b1d0                fill_arg
                0x0201b1b0                len_arg
 .text          0x0201b294      0x14c /usr/local/openravenscar/lib/gcc-lib/sparc-ork-elf/2.8.1/adalib/libgnat.a(a-cio.o)
                0x0201b2b4                put_int
                0x0201b2d0                get_char
                0x0201b294                get_int
                0x0201b3c0                put_char_stderr
                0x0201b320                put_char
 .text          0x0201b3e0        0xc /usr/local/openravenscar/lib/gcc-lib/sparc-ork-elf/2.8.1/adalib/libgnat.a(a-exit.o)
                0x0201b3e0                set_gnat_exit_status
 .text          0x0201b3ec      0x1f4 /usr/local/openravenscar/lib/gcc-lib/sparc-ork-elf/2.8.1/adalib/libgnat.a(a-raise.o)
                0x0201b3ec                _gnat_builtin_longjmp
                0x0201b444                __gnat_malloc
                0x0201b4fc                __gnat_free
                0x0201b42c                __gnat_unhandled_terminate
                0x0201b538                __gnat_realloc
 .text          0x0201b5e0      0x410 /usr/local/openravenscar/lib/gcc-lib/sparc-ork-elf/2.8.1/adalib/libgnat.a(a-init.o)
                0x0201b7d4                __gnat_pop_frame
                0x0201b9e8                __gnat_init_float
                0x0201b5e0                __gnat_set_globals
                0x0201b9e0                __gnat_get_code_loc
                0x0201b638                __gnat_initialize
                0x0201b924                __gnat_enter_handler
                0x0201b9d8                __gnat_machine_state_length
                0x0201b878                __gnat_set_machine_state
 .text          0x0201b9f0        0x8 /usr/local/openravenscar/lib/gcc-lib/sparc-ork-elf/2.8.1/adalib/libgnat.a(a-final.o)
                0x0201b9f0                __gnat_finalize
 .text          0x0201b9f8      0xc1c /usr/local/openravenscar/lib/gcc-lib/sparc-ork-elf/2.8.1/adalib/libgnat.a(s-fatllf.o)
                0x0201bafc                system__fat_llf__fat_long_long_float__copy_sign
                0x0201bd6c                system__fat_llf__fat_long_long_float__gradual_scaling
                0x0201c540                system__fat_llf__fat_long_long_float__unbiased_rounding
                0x0201be04                system__fat_llf__fat_long_long_float__exponent
                0x0201bac8                system__fat_llf__fat_long_long_float__compose
                0x0201be30                system__fat_llf__fat_long_long_float__floor
                0x0201b9f8                system__fat_llf__fat_long_long_float__adjacent
                0x0201bf5c                system__fat_llf__fat_long_long_float__pred
                0x0201be9c                system__fat_llf__fat_long_long_float__fraction
                0x0201c01c                system__fat_llf__fat_long_long_float__remainder
                0x0201c264                system__fat_llf__fat_long_long_float__scaling
                0x0201ba5c                system__fat_llf__fat_long_long_float__ceiling
                0x0201bb60                system__fat_llf__fat_long_long_float__decompose
                0x0201c38c                system__fat_llf__fat_long_long_float__succ
                0x0201bec8                system__fat_llf__fat_long_long_float__leading_part
                0x0201c1cc                system__fat_llf__fat_long_long_float__rounding
                0x0201bf44                system__fat_llf__fat_long_long_float__model
                0x0201c5ec                system__fat_llf__fat_long_long_float__valid
                0x0201c47c                system__fat_llf__fat_long_long_float__truncation
                0x0201bf30                system__fat_llf__fat_long_long_float__machine
 .text          0x0201c614      0x18c /usr/local/openravenscar/lib/gcc-lib/sparc-ork-elf/2.8.1/adalib/libgnat.a(s-imgllu.o)
                0x0201c614                system__img_llu__image_long_long_unsigned
                0x0201c75c                system__img_llu__set_image_long_long_unsigned
 .text          0x0201c7a0      0x894 /usr/local/openravenscar/lib/gcc-lib/sparc-ork-elf/2.8.1/adalib/libgnat.a(a-adaint.o)
                0x0201c930                get_object_suffix_ptr
                0x0201c8dc                Get_Default_Identifier_Character_Set
                0x0201c8c4                Get_Maximum_File_Name_Length
                0x0201c8d4                Get_File_Names_Case_Sensitive
                0x0201cb4c                file_time_name
                0x0201c8ec                Get_Pathsep_Char
                0x0201c9cc                open_read
                0x0201c8e4                Get_Dirsep_Char
                0x0201cbe4                is_regular_file
                0x0201c8cc                Get_Switch_Character
                0x0201cd98                locate_regular_file
                0x0201cfe8                to_canonical_file_list_next
                0x0201d014                to_host_dir_spec
                0x0201cbc4                __gnat_file_exists
                0x0201cab8                __gnat_mkdir
                0x0201d00c                to_canonical_path_spec
                0x0201cc64                is_writable_file
                0x0201ca90                open_new_temp
                0x0201cc98                portable_spawn
                0x0201cffc                to_canonical_dir_spec
                0x0201cb84                get_env_value_ptr
                0x0201cb68                file_time_fd
                0x0201cb44                readdir_is_thread_safe
                0x0201ca68                open_new
                0x0201c7a0                to_gm_time
                0x0201c814                Try_Lock
                0x0201d004                to_canonical_file_spec
                0x0201cd54                portable_wait
                0x0201cfe0                to_canonical_file_list_init
                0x0201d02c                convert_addresses
                0x0201c964                get_executable_suffix_ptr
                0x0201cc24                is_directory
                0x0201ca40                open_append
                0x0201ca18                open_create
                0x0201c9f0                open_rw
                0x0201cad0                file_length
                0x0201cb10                readdir_gnat
                0x0201d024                adjust_os_resource_limits
                0x0201cf24                locate_exec
                0x0201cd14                portable_no_block_spawn
                0x0201cd84                os_exit
                0x0201cbb8                Get_Libraries_From_Registry
                0x0201cff4                to_canonical_file_list_free
                0x0201c8f4                Get_Current_Dir
                0x0201d01c                to_host_file_spec
                0x0201cf98                locate_exec_on_path
                0x0201c998                get_debuggable_suffix_ptr
 .text          0x0201d034      0x294 /usr/local/openravenscar/sparc-ork-elf/lib/libm.a(s_atan.o)
                0x0201d034                atan
 .text          0x0201d2c8       0xf0 /usr/local/openravenscar/sparc-ork-elf/lib/libm.a(s_cos.o)
                0x0201d2c8                cos
 .text          0x0201d3b8       0x2c /usr/local/openravenscar/sparc-ork-elf/lib/libm.a(s_fabs.o)
                0x0201d3b8                fabs
 .text          0x0201d3e4       0xf0 /usr/local/openravenscar/sparc-ork-elf/lib/libm.a(s_sin.o)
                0x0201d3e4                sin
 .text          0x0201d4d4       0x9c /usr/local/openravenscar/sparc-ork-elf/lib/libm.a(s_tan.o)
                0x0201d4d4                tan
 .text          0x0201d570      0x134 /usr/local/openravenscar/sparc-ork-elf/lib/libm.a(s_tanh.o)
                0x0201d570                tanh
 .text          0x0201d6a4       0xf8 /usr/local/openravenscar/sparc-ork-elf/lib/libm.a(w_acos.o)
                0x0201d6a4                acos
 .text          0x0201d79c       0xf8 /usr/local/openravenscar/sparc-ork-elf/lib/libm.a(w_asin.o)
                0x0201d79c                asin
 .text          0x0201d894      0x1c0 /usr/local/openravenscar/sparc-ork-elf/lib/libm.a(w_exp.o)
                0x0201d894                exp
 .text          0x0201da54      0x184 /usr/local/openravenscar/sparc-ork-elf/lib/libm.a(w_log.o)
                0x0201da54                log
 .text          0x0201dbd8      0x60c /usr/local/openravenscar/sparc-ork-elf/lib/libm.a(w_pow.o)
                0x0201dbd8                pow
 .text          0x0201e1e4      0x118 /usr/local/openravenscar/sparc-ork-elf/lib/libm.a(w_sqrt.o)
                0x0201e1e4                sqrt
 .text          0x0201e2fc      0x3ac /usr/local/openravenscar/sparc-ork-elf/lib/libm.a(e_acos.o)
                0x0201e2fc                __ieee754_acos
 .text          0x0201e6a8      0x340 /usr/local/openravenscar/sparc-ork-elf/lib/libm.a(e_asin.o)
                0x0201e6a8                __ieee754_asin
 .text          0x0201e9e8      0x2f0 /usr/local/openravenscar/sparc-ork-elf/lib/libm.a(e_exp.o)
                0x0201e9e8                __ieee754_exp
 .text          0x0201ecd8      0x310 /usr/local/openravenscar/sparc-ork-elf/lib/libm.a(e_log.o)
                0x0201ecd8                __ieee754_log
 .text          0x0201efe8      0x99c /usr/local/openravenscar/sparc-ork-elf/lib/libm.a(e_pow.o)
                0x0201efe8                __ieee754_pow
 .text          0x0201f984      0x3d8 /usr/local/openravenscar/sparc-ork-elf/lib/libm.a(e_rem_pio2.o)
                0x0201f984                __ieee754_rem_pio2
 .text          0x0201fd5c      0x264 /usr/local/openravenscar/sparc-ork-elf/lib/libm.a(e_sqrt.o)
                0x0201fd5c                __ieee754_sqrt
 .text          0x0201ffc0      0x17c /usr/local/openravenscar/sparc-ork-elf/lib/libm.a(k_cos.o)
                0x0201ffc0                __kernel_cos
 .text          0x0202013c      0x838 /usr/local/openravenscar/sparc-ork-elf/lib/libm.a(k_rem_pio2.o)
                0x0202013c                __kernel_rem_pio2
 .text          0x02020974      0x11c /usr/local/openravenscar/sparc-ork-elf/lib/libm.a(k_sin.o)
                0x02020974                __kernel_sin
 .text          0x02020a90      0x2b4 /usr/local/openravenscar/sparc-ork-elf/lib/libm.a(k_tan.o)
                0x02020a90                __kernel_tan
 .text          0x02020d44      0x40c /usr/local/openravenscar/sparc-ork-elf/lib/libm.a(s_expm1.o)
                0x02020d44                expm1
 .text          0x02021150       0x18 /usr/local/openravenscar/sparc-ork-elf/lib/libm.a(s_finite.o)
                0x02021150                finite
 .text          0x02021168      0x1a0 /usr/local/openravenscar/sparc-ork-elf/lib/libm.a(s_floor.o)
                0x02021168                floor
 .text          0x02021308       0x28 /usr/local/openravenscar/sparc-ork-elf/lib/libm.a(s_isnan.o)
                0x02021308                isnan
 .text          0x02021330        0x8 /usr/local/openravenscar/sparc-ork-elf/lib/libm.a(s_matherr.o)
                0x02021330                matherr
 .text          0x02021338      0x1c8 /usr/local/openravenscar/sparc-ork-elf/lib/libm.a(s_rint.o)
                0x02021338                rint
 .text          0x02021500      0x1d8 /usr/local/openravenscar/sparc-ork-elf/lib/libm.a(s_scalbn.o)
                0x02021500                scalbn
 .text          0x020216d8       0x40 /usr/local/openravenscar/sparc-ork-elf/lib/libm.a(s_copysign.o)
                0x020216d8                copysign
 .text          0x02021718        0x8 /usr/local/openravenscar/lib/gcc-lib/sparc-ork-elf/2.8.1/libgcc.a(__dummy.o)
                0x02021718                __dummy
 .text          0x02021720       0x48 /usr/local/openravenscar/lib/gcc-lib/sparc-ork-elf/2.8.1/libgcc.a(_ashldi3.o)
                0x02021720                __ashldi3
 .text          0x02021768       0x38 /usr/local/openravenscar/lib/gcc-lib/sparc-ork-elf/2.8.1/libgcc.a(_cmpdi2.o)
                0x02021768                __cmpdi2
 .text          0x020217a0      0x3c0 /usr/local/openravenscar/lib/gcc-lib/sparc-ork-elf/2.8.1/libgcc.a(_divdi3.o)
                0x020217a0                __divdi3
 .text          0x02021b60      0x1f4 /usr/local/openravenscar/lib/gcc-lib/sparc-ork-elf/2.8.1/libgcc.a(_divsi3.o)
                0x02021b60                udiv
                0x02021b6c                div
 .text          0x02021d54       0x58 /usr/local/openravenscar/lib/gcc-lib/sparc-ork-elf/2.8.1/libgcc.a(_fixsfdi.o)
                0x02021d54                __fixsfdi
 .text          0x02021dac      0x1c0 /usr/local/openravenscar/lib/gcc-lib/sparc-ork-elf/2.8.1/libgcc.a(_fixunsdfdi.o)
                0x02021dac                __fixunsdfdi
 .text          0x02021f6c      0x1c8 /usr/local/openravenscar/lib/gcc-lib/sparc-ork-elf/2.8.1/libgcc.a(_fixunssfdi.o)
                0x02021f6c                __fixunssfdi
 .text          0x02022134       0x54 /usr/local/openravenscar/lib/gcc-lib/sparc-ork-elf/2.8.1/libgcc.a(_floatdidf.o)
                0x02022134                __floatdidf
 .text          0x02022188       0xa8 /usr/local/openravenscar/lib/gcc-lib/sparc-ork-elf/2.8.1/libgcc.a(_floatdisf.o)
                0x02022188                __floatdisf
 .text          0x02022230       0x48 /usr/local/openravenscar/lib/gcc-lib/sparc-ork-elf/2.8.1/libgcc.a(_lshrdi3.o)
                0x02022230                __lshrdi3
 .text          0x02022278      0x1f4 /usr/local/openravenscar/lib/gcc-lib/sparc-ork-elf/2.8.1/libgcc.a(_modsi3.o)
                0x02022278                urem
                0x02022284                rem
 .text          0x0202246c       0xe0 /usr/local/openravenscar/lib/gcc-lib/sparc-ork-elf/2.8.1/libgcc.a(_muldi3.o)
                0x0202246c                __muldi3
 .text          0x0202254c       0xe8 /usr/local/openravenscar/lib/gcc-lib/sparc-ork-elf/2.8.1/libgcc.a(_mulsi3.o)
                0x0202254c                umul
 .text          0x02022634      0x340 /usr/local/openravenscar/lib/gcc-lib/sparc-ork-elf/2.8.1/libgcc.a(_udivdi3.o)
                0x02022634                __udivdi3
 .text          0x02022974      0x39c /usr/local/openravenscar/lib/gcc-lib/sparc-ork-elf/2.8.1/libgcc.a(_umoddi3.o)
                0x02022974                __umoddi3
 .text          0x02022d10      0xa48 /usr/local/openravenscar/lib/gcc-lib/sparc-ork-elf/2.8.1/libgcc.a(frame.o)
                0x02023634                __frame_state_for
                0x020235cc                __deregister_frame_info
                0x020235a4                __register_frame_info_table
                0x0202357c                __register_frame_info
 .text          0x02023758       0x20 /usr/local/openravenscar/sparc-ork-elf/lib/libc.a(abort.o)
                0x02023758                abort
 .text          0x02023778       0x1c /usr/local/openravenscar/sparc-ork-elf/lib/libc.a(atoi.o)
                0x02023778                atoi
 .text          0x02023794        0xc /usr/local/openravenscar/sparc-ork-elf/lib/libc.a(errno.o)
                0x02023794                __errno
 .text          0x020237a0       0x8c /usr/local/openravenscar/sparc-ork-elf/lib/libc.a(exit.o)
                0x020237a0                exit
 .text          0x0202382c       0x90 /usr/local/openravenscar/sparc-ork-elf/lib/libc.a(fputc.o)
                0x0202382c                fputc
 .text          0x020238bc       0x40 /usr/local/openravenscar/sparc-ork-elf/lib/libc.a(getenv.o)
                0x020238dc                getenv
                0x020238bc                _findenv
 .text          0x020238fc      0x100 /usr/local/openravenscar/sparc-ork-elf/lib/libc.a(getenv_r.o)
                0x020238fc                _findenv_r
                0x020239e0                _getenv_r
 .text          0x020239fc       0x1c /usr/local/openravenscar/sparc-ork-elf/lib/libc.a(gmtime.o)
                0x020239fc                gmtime
 .text          0x02023a18       0x20 /usr/local/openravenscar/sparc-ork-elf/lib/libc.a(lcltime.o)
                0x02023a18                localtime
 .text          0x02023a38      0x21c /usr/local/openravenscar/sparc-ork-elf/lib/libc.a(lcltime_r.o)
                0x02023a38                localtime_r
 .text          0x02023c54       0x38 /usr/local/openravenscar/sparc-ork-elf/lib/libc.a(malloc.o)
                0x02023c54                malloc
                0x02023c70                free
 .text          0x02023c8c      0x774 /usr/local/openravenscar/sparc-ork-elf/lib/libc.a(mallocr.o)
                0x02023e58                _malloc_r
 .text          0x02024400       0x80 /usr/local/openravenscar/sparc-ork-elf/lib/libc.a(memcmp.o)
                0x02024400                memcmp
 .text          0x02024480       0xc4 /usr/local/openravenscar/sparc-ork-elf/lib/libc.a(memcpy.o)
                0x02024480                memcpy
 .text          0x02024544       0xa4 /usr/local/openravenscar/sparc-ork-elf/lib/libc.a(memset.o)
                0x02024544                memset
 .text          0x020245e8       0x10 /usr/local/openravenscar/sparc-ork-elf/lib/libc.a(mlock.o)
                0x020245f0                __malloc_unlock
                0x020245e8                __malloc_lock
 .text          0x020245f8       0x70 /usr/local/openravenscar/sparc-ork-elf/lib/libc.a(printf.o)
                0x02024628                printf
                0x020245f8                _printf_r
 .text          0x02024668       0x20 /usr/local/openravenscar/sparc-ork-elf/lib/libc.a(realloc.o)
                0x02024668                realloc
 .text          0x02024688      0x50c /usr/local/openravenscar/sparc-ork-elf/lib/libc.a(reallocr.o)
                0x02024688                _realloc_r
 .text          0x02024b94       0x40 /usr/local/openravenscar/sparc-ork-elf/lib/libc.a(rget.o)
                0x02024b94                __srget
 .text          0x02024bd4       0x34 /usr/local/openravenscar/sparc-ork-elf/lib/libc.a(sbrkr.o)
                0x02024bd4                _sbrk_r
 .text          0x02024c08       0x64 /usr/local/openravenscar/sparc-ork-elf/lib/libc.a(scanf.o)
                0x02024c40                _scanf_r
                0x02024c08                scanf
 .text          0x02024c6c      0x24c /usr/local/openravenscar/sparc-ork-elf/lib/libc.a(signal.o)
                0x02024cc8                _signal_r
                0x02024d24                _raise_r
                0x02024dc0                __sigtramp_r
                0x02024e64                signal
                0x02024e84                _init_signal
                0x02024c6c                _init_signal_r
                0x02024e9c                __sigtramp
                0x02024e48                raise
 .text          0x02024eb8       0x4c /usr/local/openravenscar/sparc-ork-elf/lib/libc.a(signalr.o)
                0x02024eb8                _kill_r
                0x02024ef0                _getpid_r
 .text          0x02024f04       0xb4 /usr/local/openravenscar/sparc-ork-elf/lib/libc.a(sprintf.o)
                0x02024f04                _sprintf_r
                0x02024f58                sprintf
 .text          0x02024fb8       0x8c /usr/local/openravenscar/sparc-ork-elf/lib/libc.a(strcat.o)
                0x02024fb8                strcat
 .text          0x02025044       0xb8 /usr/local/openravenscar/sparc-ork-elf/lib/libc.a(strcmp.o)
                0x02025044                strcmp
 .text          0x020250fc       0x8c /usr/local/openravenscar/sparc-ork-elf/lib/libc.a(strcpy.o)
                0x020250fc                strcpy
 .text          0x02025188       0x78 /usr/local/openravenscar/sparc-ork-elf/lib/libc.a(strlen.o)
                0x02025188                strlen
 .text          0x02025200       0xcc /usr/local/openravenscar/sparc-ork-elf/lib/libc.a(strncmp.o)
                0x02025200                strncmp
 .text          0x020252cc       0xd4 /usr/local/openravenscar/sparc-ork-elf/lib/libc.a(strncpy.o)
                0x020252cc                strncpy
 .text          0x020253a0       0x68 /usr/local/openravenscar/sparc-ork-elf/lib/libc.a(strstr.o)
                0x020253a0                strstr
 .text          0x02025408      0x1f8 /usr/local/openravenscar/sparc-ork-elf/lib/libc.a(strtol.o)
                0x020255dc                strtol
                0x02025408                _strtol_r
 .text          0x02025600     0x19c4 /usr/local/openravenscar/sparc-ork-elf/lib/libc.a(vfprintf.o)
                0x02025704                _vfprintf_r
                0x020256e4                vfprintf
 .text          0x02026fc4      0xf30 /usr/local/openravenscar/sparc-ork-elf/lib/libc.a(vfscanf.o)
                0x02026fc4                __svfscanf
                0x02027e14                __sccl
 .text          0x02027ef4      0x10c /usr/local/openravenscar/sparc-ork-elf/lib/libc.a(wbuf.o)
                0x02027ef4                __swbuf
 .text          0x02028000      0x10c /usr/local/openravenscar/sparc-ork-elf/lib/libc.a(wsetup.o)
                0x02028000                __swsetup
 .text          0x0202810c       0x18 /usr/local/openravenscar/sparc-ork-elf/lib/libc.a(atof.o)
                0x0202810c                atof
 .text          0x02028124     0x1250 /usr/local/openravenscar/sparc-ork-elf/lib/libc.a(dtoa.o)
                0x02028310                _dtoa_r
 .text          0x02029374       0x10 /usr/local/openravenscar/sparc-ork-elf/lib/libc.a(envlock.o)
                0x0202937c                __env_unlock
                0x02029374                __env_lock
 .text          0x02029384       0xf0 /usr/local/openravenscar/sparc-ork-elf/lib/libc.a(fflush.o)
                0x02029384                fflush
 .text          0x02029474      0x228 /usr/local/openravenscar/sparc-ork-elf/lib/libc.a(findfp.o)
                0x0202962c                __sinit
                0x020294d0                __sfmoreglue
                0x02029614                _cleanup
                0x020295f8                _cleanup_r
                0x02029528                __sfp
 .text          0x0202969c       0xcc /usr/local/openravenscar/sparc-ork-elf/lib/libc.a(fread.o)
                0x0202969c                fread
 .text          0x02029768      0x3c0 /usr/local/openravenscar/sparc-ork-elf/lib/libc.a(freer.o)
                0x02029768                _free_r
                0x02029a04                _malloc_trim_r
 .text          0x02029b28      0x380 /usr/local/openravenscar/sparc-ork-elf/lib/libc.a(fvwrite.o)
                0x02029b28                __sfvwrite
 .text          0x02029ea8       0x60 /usr/local/openravenscar/sparc-ork-elf/lib/libc.a(fwalk.o)
                0x02029ea8                _fwalk
 .text          0x02029f08       0xa4 /usr/local/openravenscar/sparc-ork-elf/lib/libc.a(locale.o)
                0x02029f08                _setlocale_r
                0x02029f68                _localeconv_r
                0x02029f74                setlocale
                0x02029f94                localeconv
 .text          0x02029fac      0x144 /usr/local/openravenscar/sparc-ork-elf/lib/libc.a(makebuf.o)
                0x02029fac                __smakebuf
 .text          0x0202a0f0       0x58 /usr/local/openravenscar/sparc-ork-elf/lib/libc.a(mbtowc_r.o)
                0x0202a0f0                _mbtowc_r
 .text          0x0202a148       0xd4 /usr/local/openravenscar/sparc-ork-elf/lib/libc.a(memchr.o)
                0x0202a148                memchr
 .text          0x0202a21c      0x110 /usr/local/openravenscar/sparc-ork-elf/lib/libc.a(memmove.o)
                0x0202a21c                memmove
 .text          0x0202a32c      0xd14 /usr/local/openravenscar/sparc-ork-elf/lib/libc.a(mprec.o)
                0x0202aff4                _mprec_log10
                0x0202a5a0                _hi0bits
                0x0202a32c                _Balloc
                0x0202ae30                _d2b
                0x0202a710                _multiply
                0x0202af64                _ratio
                0x0202a4e0                _s2b
                0x0202a6ec                _i2b
                0x0202a620                _lo0bits
                0x0202aae0                __mcmp
                0x0202a8fc                _pow5mult
                0x0202aca4                _ulp
                0x0202ad30                _b2d
                0x0202a3fc                _multadd
                0x0202ab48                __mdiff
                0x0202a9e4                _lshift
                0x0202a3c4                _Bfree
 .text          0x0202b040      0x19c /usr/local/openravenscar/sparc-ork-elf/lib/libc.a(refill.o)
                0x0202b054                __srefill
 .text          0x0202b1dc       0x38 /usr/local/openravenscar/sparc-ork-elf/lib/libc.a(s_isinf.o)
                0x0202b1dc                isinf
 .text          0x0202b214      0x104 /usr/local/openravenscar/sparc-ork-elf/lib/libc.a(stdio.o)
                0x0202b2b0                __sseek
                0x0202b214                __sread
                0x0202b300                __sclose
                0x0202b260                __swrite
 .text          0x0202b318      0xedc /usr/local/openravenscar/sparc-ork-elf/lib/libc.a(strtod.o)
                0x0202b318                _strtod_r
                0x0202c1d8                strtodf
                0x0202c1b8                strtod
 .text          0x0202c1f4      0x1d8 /usr/local/openravenscar/sparc-ork-elf/lib/libc.a(strtoul.o)
                0x0202c3a8                strtoul
                0x0202c1f4                _strtoul_r
 .text          0x0202c3cc      0x228 /usr/local/openravenscar/sparc-ork-elf/lib/libc.a(ungetc.o)
                0x0202c47c                ungetc
                0x0202c3cc                __submore
 .text          0x0202c5f4       0x3c /usr/local/openravenscar/sparc-ork-elf/lib/libc.a(writer.o)
                0x0202c5f4                _write_r
 .text          0x0202c630       0xa8 /usr/local/openravenscar/sparc-ork-elf/lib/libc.a(callocr.o)
                0x0202c630                _calloc_r
 .text          0x0202c6d8       0x34 /usr/local/openravenscar/sparc-ork-elf/lib/libc.a(closer.o)
                0x0202c6d8                _close_r
 .text          0x0202c70c       0x38 /usr/local/openravenscar/sparc-ork-elf/lib/libc.a(fstatr.o)
                0x0202c70c                _fstat_r
 .text          0x0202c744       0x3c /usr/local/openravenscar/sparc-ork-elf/lib/libc.a(lseekr.o)
                0x0202c744                _lseek_r
 .text          0x0202c780       0x3c /usr/local/openravenscar/sparc-ork-elf/lib/libc.a(readr.o)
                0x0202c780                _read_r
 .text          0x0202c7bc      0x134 /usr/local/openravenscar/sparc-ork-elf/lib/libork.a(ada_exceptions.o)
                0x0202c7bc                Instruction_Access_Exception
                0x0202c898                Division_By_Zero
                0x0202c86c                Stack_Overflow
                0x0202c7e8                Illegal_Instruction
                0x0202c8c4                Integer_Overflow
                0x0202c840                FP_Exception
                0x0202c814                Address_Not_Aligned
 .text          0x0202c8f0       0x1c /usr/local/openravenscar/sparc-ork-elf/lib/libork.a(close.o)
                0x0202c8f0                close
 .text          0x0202c90c       0x30 /usr/local/openravenscar/sparc-ork-elf/lib/libork.a(execv.o)
                0x0202c90c                execv
 .text          0x0202c93c       0x28 /usr/local/openravenscar/sparc-ork-elf/lib/libork.a(fork.o)
                0x0202c93c                fork
 .text          0x0202c964       0x30 /usr/local/openravenscar/sparc-ork-elf/lib/libork.a(fstat.o)
                0x0202c964                fstat
 .text          0x0202c994       0x30 /usr/local/openravenscar/sparc-ork-elf/lib/libork.a(getcwd.o)
                0x0202c994                getcwd
 .text          0x0202c9c4       0x30 /usr/local/openravenscar/sparc-ork-elf/lib/libork.a(getpid.o)
                0x0202c9c4                getpid
                0x0202c9dc                getppid
 .text          0x0202c9f4       0x84 /usr/local/openravenscar/sparc-ork-elf/lib/libork.a(isatty.o)
                0x0202c9f4                isatty
 .text          0x0202ca78       0x3c /usr/local/openravenscar/sparc-ork-elf/lib/libork.a(kill.o)
                0x0202ca78                kill
 .text          0x0202cab4       0x30 /usr/local/openravenscar/sparc-ork-elf/lib/libork.a(link.o)
                0x0202cab4                link
 .text          0x0202cae4       0x34 /usr/local/openravenscar/sparc-ork-elf/lib/libork.a(lseek.o)
                0x0202cae4                lseek
 .text          0x0202cb18       0x34 /usr/local/openravenscar/sparc-ork-elf/lib/libork.a(open.o)
                0x0202cb18                open
 .text          0x0202cb4c      0x148 /usr/local/openravenscar/sparc-ork-elf/lib/libork.a(read.o)
                0x0202cb4c                read
 .text          0x0202cc94       0x34 /usr/local/openravenscar/sparc-ork-elf/lib/libork.a(readdir.o)
                0x0202cc94                readdir
 .text          0x0202ccc8       0x20 /usr/local/openravenscar/sparc-ork-elf/lib/libork.a(mkdir.o)
                0x0202ccc8                mkdir
 .text          0x0202cce8       0xb0 /usr/local/openravenscar/sparc-ork-elf/lib/libork.a(sbrk.o)
                0x0202cce8                sbrk
 .text          0x0202cd98       0x30 /usr/local/openravenscar/sparc-ork-elf/lib/libork.a(stat.o)
                0x0202cd98                stat
 .text          0x0202cdc8       0x2c /usr/local/openravenscar/sparc-ork-elf/lib/libork.a(unlink.o)
                0x0202cdc8                unlink
 .text          0x0202cdf4       0x2c /usr/local/openravenscar/sparc-ork-elf/lib/libork.a(wait.o)
                0x0202cdf4                wait
 .text          0x0202ce20       0xec /usr/local/openravenscar/sparc-ork-elf/lib/libork.a(write.o)
                0x0202ce20                write
 *fill*         0x0202cf0c        0x4
                0x0202cf10                .=ALIGN(0x10)
 *(.eh_frame)
 .eh_frame      0x0202cf10      0x11c /usr/local/openravenscar/lib/gcc-lib/sparc-ork-elf/2.8.1/adalib/libgnat.a(a-init.o)
 .eh_frame      0x0202d02c       0x24 /usr/local/openravenscar/lib/gcc-lib/sparc-ork-elf/2.8.1/libgcc.a(__dummy.o)
 .eh_frame      0x0202d050       0x24 /usr/local/openravenscar/lib/gcc-lib/sparc-ork-elf/2.8.1/libgcc.a(_ashldi3.o)
 .eh_frame      0x0202d074       0x24 /usr/local/openravenscar/lib/gcc-lib/sparc-ork-elf/2.8.1/libgcc.a(_cmpdi2.o)
 .eh_frame      0x0202d098       0x2c /usr/local/openravenscar/lib/gcc-lib/sparc-ork-elf/2.8.1/libgcc.a(_divdi3.o)
 .eh_frame      0x0202d0c4       0x2c /usr/local/openravenscar/lib/gcc-lib/sparc-ork-elf/2.8.1/libgcc.a(_fixsfdi.o)
 .eh_frame      0x0202d0f0       0x2c /usr/local/openravenscar/lib/gcc-lib/sparc-ork-elf/2.8.1/libgcc.a(_fixunsdfdi.o)
 .eh_frame      0x0202d11c       0x2c /usr/local/openravenscar/lib/gcc-lib/sparc-ork-elf/2.8.1/libgcc.a(_fixunssfdi.o)
 .eh_frame      0x0202d148       0x28 /usr/local/openravenscar/lib/gcc-lib/sparc-ork-elf/2.8.1/libgcc.a(_floatdidf.o)
 .eh_frame      0x0202d170       0x28 /usr/local/openravenscar/lib/gcc-lib/sparc-ork-elf/2.8.1/libgcc.a(_floatdisf.o)
 .eh_frame      0x0202d198       0x24 /usr/local/openravenscar/lib/gcc-lib/sparc-ork-elf/2.8.1/libgcc.a(_lshrdi3.o)
 .eh_frame      0x0202d1bc       0x2c /usr/local/openravenscar/lib/gcc-lib/sparc-ork-elf/2.8.1/libgcc.a(_muldi3.o)
 .eh_frame      0x0202d1e8       0x2c /usr/local/openravenscar/lib/gcc-lib/sparc-ork-elf/2.8.1/libgcc.a(_udivdi3.o)
 .eh_frame      0x0202d214       0x2c /usr/local/openravenscar/lib/gcc-lib/sparc-ork-elf/2.8.1/libgcc.a(_umoddi3.o)
 .eh_frame      0x0202d240      0x11c /usr/local/openravenscar/lib/gcc-lib/sparc-ork-elf/2.8.1/libgcc.a(frame.o)
 *fill*         0x0202d35c        0x4
                0x0202d360                .=ALIGN(0x10)
 *(.rodata)
 .rodata        0x0202d360      0x23c ./devices.o
 *fill*         0x0202d59c        0x4
 .rodata        0x0202d5a0       0x4c ./workload.o
 *fill*         0x0202d5ec        0x4
 .rodata        0x0202d5f0       0x52 ./tools.o
 *fill*         0x0202d642        0x6
 .rodata        0x0202d648       0xaa ./add.o
 *fill*         0x0202d6f2        0x2
 .rodata        0x0202d6f4        0x8 /usr/local/openravenscar/lib/gcc-lib/sparc-ork-elf/2.8.1/adalib/libgnarl.a(a-reatim.o)
 .rodata        0x0202d6fc        0x8 /usr/local/openravenscar/lib/gcc-lib/sparc-ork-elf/2.8.1/adalib/libgnarl.a(a-retide.o)
 *fill*         0x0202d704        0x4
 .rodata        0x0202d708       0x24 /usr/local/openravenscar/lib/gcc-lib/sparc-ork-elf/2.8.1/adalib/libgnarl.a(s-taprob.o)
 *fill*         0x0202d72c        0x4
 .rodata        0x0202d730       0xd0 /usr/local/openravenscar/lib/gcc-lib/sparc-ork-elf/2.8.1/adalib/libgnarl.a(s-taprop.o)
 .rodata        0x0202d800       0x50 /usr/local/openravenscar/lib/gcc-lib/sparc-ork-elf/2.8.1/adalib/libgnarl.a(s-tarest.o)
 .rodata        0x0202d850      0x14a /usr/local/openravenscar/lib/gcc-lib/sparc-ork-elf/2.8.1/adalib/libgnarl.a(s-tasdeb.o)
 *fill*         0x0202d99a        0x2
 .rodata        0x0202d99c      0x300 /usr/local/openravenscar/lib/gcc-lib/sparc-ork-elf/2.8.1/adalib/libgnarl.a(s-taskin.o)
 .rodata        0x0202dc9c        0x8 /usr/local/openravenscar/lib/gcc-lib/sparc-ork-elf/2.8.1/adalib/libgnarl.a(kernel-interrupts.o)
 .rodata        0x0202dca4        0x4 /usr/local/openravenscar/lib/gcc-lib/sparc-ork-elf/2.8.1/adalib/libgnarl.a(kernel-threads-queues.o)
 .rodata        0x0202dca8       0x7c /usr/local/openravenscar/lib/gcc-lib/sparc-ork-elf/2.8.1/adalib/libgnarl.a(kernel-peripherals.o)
 *fill*         0x0202dd24        0x4
 .rodata        0x0202dd28      0x184 /usr/local/openravenscar/lib/gcc-lib/sparc-ork-elf/2.8.1/adalib/libgnat.a(a-except.o)
 *fill*         0x0202deac        0x4
 .rodata        0x0202deb0        0xd /usr/local/openravenscar/lib/gcc-lib/sparc-ork-elf/2.8.1/adalib/libgnat.a(a-finali.o)
 *fill*         0x0202debd        0x3
 .rodata        0x0202dec0      0x82c /usr/local/openravenscar/lib/gcc-lib/sparc-ork-elf/2.8.1/adalib/libgnat.a(a-nuelfu.o)
 *fill*         0x0202e6ec        0x4
 .rodata        0x0202e6f0       0x42 /usr/local/openravenscar/lib/gcc-lib/sparc-ork-elf/2.8.1/adalib/libgnat.a(a-tags.o)
 *fill*         0x0202e732        0x6
 .rodata        0x0202e738        0xd /usr/local/openravenscar/lib/gcc-lib/sparc-ork-elf/2.8.1/adalib/libgnat.a(g-except.o)
 *fill*         0x0202e745        0x3
 .rodata        0x0202e748       0xab /usr/local/openravenscar/lib/gcc-lib/sparc-ork-elf/2.8.1/adalib/libgnat.a(i-c.o)
 *fill*         0x0202e7f3        0x5
 .rodata        0x0202e7f8       0x24 /usr/local/openravenscar/lib/gcc-lib/sparc-ork-elf/2.8.1/adalib/libgnat.a(s-arit64.o)
 *fill*         0x0202e81c        0x4
 .rodata        0x0202e820        0x5 /usr/local/openravenscar/lib/gcc-lib/sparc-ork-elf/2.8.1/adalib/libgnat.a(s-exctab.o)
 *fill*         0x0202e825        0x3
 .rodata        0x0202e828       0x40 /usr/local/openravenscar/lib/gcc-lib/sparc-ork-elf/2.8.1/adalib/libgnat.a(s-exnflt.o)
 .rodata        0x0202e868       0xd0 /usr/local/openravenscar/lib/gcc-lib/sparc-ork-elf/2.8.1/adalib/libgnat.a(s-fatflt.o)
                0x0202e8a0                system__fat_flt__fat_float__r_neg_power
                0x0202e868                system__fat_flt__fat_float__log_power
                0x0202e884                system__fat_flt__fat_float__r_power
 .rodata        0x0202e938       0x68 /usr/local/openravenscar/lib/gcc-lib/sparc-ork-elf/2.8.1/adalib/libgnat.a(s-finimp.o)
 .rodata        0x0202e9a0       0x47 /usr/local/openravenscar/lib/gcc-lib/sparc-ork-elf/2.8.1/adalib/libgnat.a(s-finroo.o)
 *fill*         0x0202e9e7        0x1
 .rodata        0x0202e9e8        0x8 /usr/local/openravenscar/lib/gcc-lib/sparc-ork-elf/2.8.1/adalib/libgnat.a(s-imgint.o)
 .rodata        0x0202e9f0       0x58 /usr/local/openravenscar/lib/gcc-lib/sparc-ork-elf/2.8.1/adalib/libgnat.a(s-imgrea.o)